../Src/main.c:101:5:main	8	static
../Src/main.c:140:6:AppInitCommon	8	static
../Src/main.c:193:1:LoadConfiguration	4	static
../Src/main.c:205:6:AppStateManager	16	static
../Src/main.c:238:6:SetStateApp	16	static
../Src/main.c:252:13:GetStateApp	4	static
../Src/main.c:264:1:DeviceStateMachine	16	static
../Src/main.c:309:6:SetLed_Red	16	static
../Src/main.c:320:6:SetLed_Green	16	static
../Src/main.c:331:6:SetLed_Blue	16	static
../Src/main.c:342:6:BlinkLed	16	static
../Src/main.c:384:10:CalculatorTime	24	static
../Src/main.c:405:6:delay_mls	24	static
../Src/main.c:412:6:Toggle_Led	8	static
../Src/main.c:438:6:LineFollow_Process	16	static
