../Src/main.c:101:5:main	8	static
../Src/main.c:138:6:AppInitCommon	8	static
../Src/main.c:191:1:LoadConfiguration	4	static
../Src/main.c:203:6:AppStateManager	16	static
../Src/main.c:236:6:SetStateApp	16	static
../Src/main.c:250:13:GetStateApp	4	static
../Src/main.c:262:1:DeviceStateMachine	16	static
../Src/main.c:307:6:SetLed_Red	16	static
../Src/main.c:318:6:SetLed_Green	16	static
../Src/main.c:329:6:SetLed_Blue	16	static
../Src/main.c:340:6:BlinkLed	16	static
../Src/main.c:382:10:CalculatorTime	24	static
../Src/main.c:403:6:delay_mls	24	static
../Src/main.c:411:6:LineFollow_Process	16	static
