D:/DH/Lumi/ROBIV2/SDK_ROBI_STM32F1_1.0.0/shared/Middle/serial/serial.c:85:6:TimerGetCurrentTime	16	static
D:/DH/Lumi/ROBIV2/SDK_ROBI_STM32F1_1.0.0/shared/Middle/serial/serial.c:97:10:TimerGetElapsedTime	16	static
D:/DH/Lumi/ROBIV2/SDK_ROBI_STM32F1_1.0.0/shared/Middle/serial/serial.c:110:1:Serial_Init	8	static
D:/DH/Lumi/ROBIV2/SDK_ROBI_STM32F1_1.0.0/shared/Middle/serial/serial.c:127:1:SerialHandleEventCallback	16	static
D:/DH/Lumi/ROBIV2/SDK_ROBI_STM32F1_1.0.0/shared/Middle/serial/serial.c:140:1:PollRxBuff	16	static
D:/DH/Lumi/ROBIV2/SDK_ROBI_STM32F1_1.0.0/shared/Middle/serial/serial.c:221:1:SendACK	4	static
D:/DH/Lumi/ROBIV2/SDK_ROBI_STM32F1_1.0.0/shared/Middle/serial/serial.c:231:1:SendNACK	4	static
D:/DH/Lumi/ROBIV2/SDK_ROBI_STM32F1_1.0.0/shared/Middle/serial/serial.c:241:1:processSerialReceiver	16	static
D:/DH/Lumi/ROBIV2/SDK_ROBI_STM32F1_1.0.0/shared/Middle/serial/serial.c:284:1:Serial_SendPacket	72	static
D:/DH/Lumi/ROBIV2/SDK_ROBI_STM32F1_1.0.0/shared/Middle/serial/serial.c:326:1:CalculateCheckXOR	24	static
D:/DH/Lumi/ROBIV2/SDK_ROBI_STM32F1_1.0.0/shared/Middle/serial/serial.c:349:1:UART_RegBufferRx	16	static
D:/DH/Lumi/ROBIV2/SDK_ROBI_STM32F1_1.0.0/shared/Middle/serial/serial.c:368:1:UART_Init	40	static
D:/DH/Lumi/ROBIV2/SDK_ROBI_STM32F1_1.0.0/shared/Middle/serial/serial.c:429:1:USART1_IRQHandler	16	static
D:/DH/Lumi/ROBIV2/SDK_ROBI_STM32F1_1.0.0/shared/Middle/serial/serial.c:444:6:DEBUG_Print	128	static
