D:/DH/Lumi/ROBIV2/SDK_ROBI_STM32F1_1.0.0/shared/Drivers/CMSIS/Include/core_cm3.h:1204:22:__enable_irq	4	static,ignoring_inline_asm
D:/DH/Lumi/ROBIV2/SDK_ROBI_STM32F1_1.0.0/shared/Drivers/CMSIS/Include/core_cm3.h:1205:22:__disable_irq	4	static,ignoring_inline_asm
D:/DH/Lumi/ROBIV2/SDK_ROBI_STM32F1_1.0.0/shared/Middle/serial/serial.c:84:6:TimerGetCurrentTime	16	static
D:/DH/Lumi/ROBIV2/SDK_ROBI_STM32F1_1.0.0/shared/Middle/serial/serial.c:96:10:TimerGetElapsedTime	16	static
D:/DH/Lumi/ROBIV2/SDK_ROBI_STM32F1_1.0.0/shared/Middle/serial/serial.c:109:1:Serial_Init	8	static
D:/DH/Lumi/ROBIV2/SDK_ROBI_STM32F1_1.0.0/shared/Middle/serial/serial.c:126:1:SerialHandleEventCallback	16	static
D:/DH/Lumi/ROBIV2/SDK_ROBI_STM32F1_1.0.0/shared/Middle/serial/serial.c:139:1:PollRxBuff	16	static
D:/DH/Lumi/ROBIV2/SDK_ROBI_STM32F1_1.0.0/shared/Middle/serial/serial.c:220:1:SendACK	4	static
D:/DH/Lumi/ROBIV2/SDK_ROBI_STM32F1_1.0.0/shared/Middle/serial/serial.c:230:1:SendNACK	4	static
D:/DH/Lumi/ROBIV2/SDK_ROBI_STM32F1_1.0.0/shared/Middle/serial/serial.c:240:1:processSerialReceiver	16	static
D:/DH/Lumi/ROBIV2/SDK_ROBI_STM32F1_1.0.0/shared/Middle/serial/serial.c:283:1:Serial_SendPacket	72	static
D:/DH/Lumi/ROBIV2/SDK_ROBI_STM32F1_1.0.0/shared/Middle/serial/serial.c:325:1:CalculateCheckXOR	24	static
D:/DH/Lumi/ROBIV2/SDK_ROBI_STM32F1_1.0.0/shared/Middle/serial/serial.c:348:1:UART_RegBufferRx	16	static
D:/DH/Lumi/ROBIV2/SDK_ROBI_STM32F1_1.0.0/shared/Middle/serial/serial.c:367:1:UART_Init	40	static
D:/DH/Lumi/ROBIV2/SDK_ROBI_STM32F1_1.0.0/shared/Middle/serial/serial.c:428:1:USART1_IRQHandler	16	static
D:/DH/Lumi/ROBIV2/SDK_ROBI_STM32F1_1.0.0/shared/Middle/serial/serial.c:445:6:DEBUG_Print	128	static
