D:/DH/Lumi/ROBIV2/SDK_ROBI_STM32F1_1.0.0/shared/Middle/led/led.c:54:1:LedControl_Init	8	static
D:/DH/Lumi/ROBIV2/SDK_ROBI_STM32F1_1.0.0/shared/Middle/led/led.c:68:1:LedControl_SetColorIndividual	16	static
D:/DH/Lumi/ROBIV2/SDK_ROBI_STM32F1_1.0.0/shared/Middle/led/led.c:133:1:LedControl_SetColorGeneral	16	static
D:/DH/Lumi/ROBIV2/SDK_ROBI_STM32F1_1.0.0/shared/Middle/led/led.c:199:6:LedGetAllLastState	4	static
D:/DH/Lumi/ROBIV2/SDK_ROBI_STM32F1_1.0.0/shared/Middle/led/led.c:211:6:LedToggle	24	static
D:/DH/Lumi/ROBIV2/SDK_ROBI_STM32F1_1.0.0/shared/Middle/led/led.c:251:6:pFuncBlink	24	static
D:/DH/Lumi/ROBIV2/SDK_ROBI_STM32F1_1.0.0/shared/Middle/led/led.c:296:6:BlinkStop	16	static
D:/DH/Lumi/ROBIV2/SDK_ROBI_STM32F1_1.0.0/shared/Middle/led/led.c:338:1:LedControl_BlinkStart	32	static
D:/DH/Lumi/ROBIV2/SDK_ROBI_STM32F1_1.0.0/shared/Middle/led/led.c:365:1:LedControl_SetAllColor	24	static
D:/DH/Lumi/ROBIV2/SDK_ROBI_STM32F1_1.0.0/shared/Middle/led/led.c:383:1:LedControl_SendPacketRespond	32	static
D:/DH/Lumi/ROBIV2/SDK_ROBI_STM32F1_1.0.0/shared/Middle/led/led.c:409:6:LEDGPIO_Config	16	static
