D:/DH/Lumi/ROBIV2/SDK_ROBI_STM32F1_1.0.0/shared/Middle/led/led.c:54:1:LedControl_Init	8	static
D:/DH/Lumi/ROBIV2/SDK_ROBI_STM32F1_1.0.0/shared/Middle/led/led.c:68:1:LedControl_SetColorIndividual	16	static
D:/DH/Lumi/ROBIV2/SDK_ROBI_STM32F1_1.0.0/shared/Middle/led/led.c:133:1:LedControl_SetColorGeneral	16	static
D:/DH/Lumi/ROBIV2/SDK_ROBI_STM32F1_1.0.0/shared/Middle/led/led.c:181:6:LedGetAllLastState	4	static
D:/DH/Lumi/ROBIV2/SDK_ROBI_STM32F1_1.0.0/shared/Middle/led/led.c:193:6:LedToggle	24	static
D:/DH/Lumi/ROBIV2/SDK_ROBI_STM32F1_1.0.0/shared/Middle/led/led.c:233:6:pFuncBlink	24	static
D:/DH/Lumi/ROBIV2/SDK_ROBI_STM32F1_1.0.0/shared/Middle/led/led.c:278:6:BlinkStop	16	static
D:/DH/Lumi/ROBIV2/SDK_ROBI_STM32F1_1.0.0/shared/Middle/led/led.c:320:1:LedControl_BlinkStart	32	static
D:/DH/Lumi/ROBIV2/SDK_ROBI_STM32F1_1.0.0/shared/Middle/led/led.c:347:1:LedControl_SetAllColor	24	static
D:/DH/Lumi/ROBIV2/SDK_ROBI_STM32F1_1.0.0/shared/Middle/led/led.c:365:1:LedControl_SendPacketRespond	32	static
D:/DH/Lumi/ROBIV2/SDK_ROBI_STM32F1_1.0.0/shared/Middle/led/led.c:391:6:LEDGPIO_Config	16	static
