D:/DH/Lumi/ROBIV2/SDK_ROBI_STM32F1_1.0.0/shared/Middle/button/eventbutton.c:51:1:EventButton_Init	8	static
D:/DH/Lumi/ROBIV2/SDK_ROBI_STM32F1_1.0.0/shared/Middle/button/eventbutton.c:69:1:ButtonProcessEventEdge	24	static
D:/DH/Lumi/ROBIV2/SDK_ROBI_STM32F1_1.0.0/shared/Middle/button/eventbutton.c:95:1:ButtonProcessEventPress	24	static
D:/DH/Lumi/ROBIV2/SDK_ROBI_STM32F1_1.0.0/shared/Middle/button/eventbutton.c:134:1:ButtonProcessEventHold	24	static
D:/DH/Lumi/ROBIV2/SDK_ROBI_STM32F1_1.0.0/shared/Middle/button/eventbutton.c:169:1:ButtonProcessEventRelease	24	static
D:/DH/Lumi/ROBIV2/SDK_ROBI_STM32F1_1.0.0/shared/Middle/button/eventbutton.c:204:1:Button_SendPacketRespond	32	static
