Archive member included to satisfy reference by file (symbol)

D:/DH/STM32/STM32CubeIDE_1.13.2/STM32CubeIDE/plugins/com.st.stm32cube.ide.mcu.externaltools.gnu-tools-for-stm32.11.3.rel1.win32_1.1.1.202309131626/tools/bin/../lib/gcc/arm-none-eabi/11.3.1/../../../../arm-none-eabi/lib/thumb/v7-m/nofp\libc_nano.a(libc_a-exit.o)
                              D:/DH/STM32/STM32CubeIDE_1.13.2/STM32CubeIDE/plugins/com.st.stm32cube.ide.mcu.externaltools.gnu-tools-for-stm32.11.3.rel1.win32_1.1.1.202309131626/tools/bin/../lib/gcc/arm-none-eabi/11.3.1/../../../../arm-none-eabi/lib/thumb/v7-m/nofp/crt0.o (exit)
D:/DH/STM32/STM32CubeIDE_1.13.2/STM32CubeIDE/plugins/com.st.stm32cube.ide.mcu.externaltools.gnu-tools-for-stm32.11.3.rel1.win32_1.1.1.202309131626/tools/bin/../lib/gcc/arm-none-eabi/11.3.1/../../../../arm-none-eabi/lib/thumb/v7-m/nofp\libc_nano.a(libc_a-findfp.o)
                              D:/DH/STM32/STM32CubeIDE_1.13.2/STM32CubeIDE/plugins/com.st.stm32cube.ide.mcu.externaltools.gnu-tools-for-stm32.11.3.rel1.win32_1.1.1.202309131626/tools/bin/../lib/gcc/arm-none-eabi/11.3.1/../../../../arm-none-eabi/lib/thumb/v7-m/nofp\libc_nano.a(libc_a-exit.o) (__stdio_exit_handler)
D:/DH/STM32/STM32CubeIDE_1.13.2/STM32CubeIDE/plugins/com.st.stm32cube.ide.mcu.externaltools.gnu-tools-for-stm32.11.3.rel1.win32_1.1.1.202309131626/tools/bin/../lib/gcc/arm-none-eabi/11.3.1/../../../../arm-none-eabi/lib/thumb/v7-m/nofp\libc_nano.a(libc_a-fwalk.o)
                              D:/DH/STM32/STM32CubeIDE_1.13.2/STM32CubeIDE/plugins/com.st.stm32cube.ide.mcu.externaltools.gnu-tools-for-stm32.11.3.rel1.win32_1.1.1.202309131626/tools/bin/../lib/gcc/arm-none-eabi/11.3.1/../../../../arm-none-eabi/lib/thumb/v7-m/nofp\libc_nano.a(libc_a-findfp.o) (_fwalk_sglue)
D:/DH/STM32/STM32CubeIDE_1.13.2/STM32CubeIDE/plugins/com.st.stm32cube.ide.mcu.externaltools.gnu-tools-for-stm32.11.3.rel1.win32_1.1.1.202309131626/tools/bin/../lib/gcc/arm-none-eabi/11.3.1/../../../../arm-none-eabi/lib/thumb/v7-m/nofp\libc_nano.a(libc_a-stdio.o)
                              D:/DH/STM32/STM32CubeIDE_1.13.2/STM32CubeIDE/plugins/com.st.stm32cube.ide.mcu.externaltools.gnu-tools-for-stm32.11.3.rel1.win32_1.1.1.202309131626/tools/bin/../lib/gcc/arm-none-eabi/11.3.1/../../../../arm-none-eabi/lib/thumb/v7-m/nofp\libc_nano.a(libc_a-findfp.o) (__sread)
D:/DH/STM32/STM32CubeIDE_1.13.2/STM32CubeIDE/plugins/com.st.stm32cube.ide.mcu.externaltools.gnu-tools-for-stm32.11.3.rel1.win32_1.1.1.202309131626/tools/bin/../lib/gcc/arm-none-eabi/11.3.1/../../../../arm-none-eabi/lib/thumb/v7-m/nofp\libc_nano.a(libc_a-vsnprintf.o)
                              ./SDK_ROBI_STM32F1_1.0.0/shared/Middle/serial/serial.o (vsnprintf)
D:/DH/STM32/STM32CubeIDE_1.13.2/STM32CubeIDE/plugins/com.st.stm32cube.ide.mcu.externaltools.gnu-tools-for-stm32.11.3.rel1.win32_1.1.1.202309131626/tools/bin/../lib/gcc/arm-none-eabi/11.3.1/../../../../arm-none-eabi/lib/thumb/v7-m/nofp\libc_nano.a(libc_a-memset.o)
                              D:/DH/STM32/STM32CubeIDE_1.13.2/STM32CubeIDE/plugins/com.st.stm32cube.ide.mcu.externaltools.gnu-tools-for-stm32.11.3.rel1.win32_1.1.1.202309131626/tools/bin/../lib/gcc/arm-none-eabi/11.3.1/../../../../arm-none-eabi/lib/thumb/v7-m/nofp/crt0.o (memset)
D:/DH/STM32/STM32CubeIDE_1.13.2/STM32CubeIDE/plugins/com.st.stm32cube.ide.mcu.externaltools.gnu-tools-for-stm32.11.3.rel1.win32_1.1.1.202309131626/tools/bin/../lib/gcc/arm-none-eabi/11.3.1/../../../../arm-none-eabi/lib/thumb/v7-m/nofp\libc_nano.a(libc_a-closer.o)
                              D:/DH/STM32/STM32CubeIDE_1.13.2/STM32CubeIDE/plugins/com.st.stm32cube.ide.mcu.externaltools.gnu-tools-for-stm32.11.3.rel1.win32_1.1.1.202309131626/tools/bin/../lib/gcc/arm-none-eabi/11.3.1/../../../../arm-none-eabi/lib/thumb/v7-m/nofp\libc_nano.a(libc_a-stdio.o) (_close_r)
D:/DH/STM32/STM32CubeIDE_1.13.2/STM32CubeIDE/plugins/com.st.stm32cube.ide.mcu.externaltools.gnu-tools-for-stm32.11.3.rel1.win32_1.1.1.202309131626/tools/bin/../lib/gcc/arm-none-eabi/11.3.1/../../../../arm-none-eabi/lib/thumb/v7-m/nofp\libc_nano.a(libc_a-reent.o)
                              D:/DH/STM32/STM32CubeIDE_1.13.2/STM32CubeIDE/plugins/com.st.stm32cube.ide.mcu.externaltools.gnu-tools-for-stm32.11.3.rel1.win32_1.1.1.202309131626/tools/bin/../lib/gcc/arm-none-eabi/11.3.1/../../../../arm-none-eabi/lib/thumb/v7-m/nofp\libc_nano.a(libc_a-closer.o) (errno)
D:/DH/STM32/STM32CubeIDE_1.13.2/STM32CubeIDE/plugins/com.st.stm32cube.ide.mcu.externaltools.gnu-tools-for-stm32.11.3.rel1.win32_1.1.1.202309131626/tools/bin/../lib/gcc/arm-none-eabi/11.3.1/../../../../arm-none-eabi/lib/thumb/v7-m/nofp\libc_nano.a(libc_a-impure.o)
                              D:/DH/STM32/STM32CubeIDE_1.13.2/STM32CubeIDE/plugins/com.st.stm32cube.ide.mcu.externaltools.gnu-tools-for-stm32.11.3.rel1.win32_1.1.1.202309131626/tools/bin/../lib/gcc/arm-none-eabi/11.3.1/../../../../arm-none-eabi/lib/thumb/v7-m/nofp\libc_nano.a(libc_a-vsnprintf.o) (_impure_ptr)
[...]
Memory Configuration

Name             Origin             Length             Attributes
RAM              0x0000000020000000 0x0000000000005000 xrw
FLASH            0x0000000008000000 0x0000000000010000 xr
*default*        0x0000000000000000 0xffffffffffffffff

Linker script and memory map

LOAD D:/DH/STM32/STM32CubeIDE_1.13.2/STM32CubeIDE/plugins/com.st.stm32cube.ide.mcu.externaltools.gnu-tools-for-stm32.11.3.rel1.win32_1.1.1.202309131626/tools/bin/../lib/gcc/arm-none-eabi/11.3.1/thumb/v7-m/nofp/crti.o
LOAD D:/DH/STM32/STM32CubeIDE_1.13.2/STM32CubeIDE/plugins/com.st.stm32cube.ide.mcu.externaltools.gnu-tools-for-stm32.11.3.rel1.win32_1.1.1.202309131626/tools/bin/../lib/gcc/arm-none-eabi/11.3.1/thumb/v7-m/nofp/crtbegin.o
LOAD D:/DH/STM32/STM32CubeIDE_1.13.2/STM32CubeIDE/plugins/com.st.stm32cube.ide.mcu.externaltools.gnu-tools-for-stm32.11.3.rel1.win32_1.1.1.202309131626/tools/bin/../lib/gcc/arm-none-eabi/11.3.1/../../../../arm-none-eabi/lib/thumb/v7-m/nofp/crt0.o
LOAD ./SDK_ROBI_STM32F1_1.0.0/shared/Drivers/CMSIS/Source/core_cm3.o
LOAD ./SDK_ROBI_STM32F1_1.0.0/shared/Drivers/CMSIS/Source/system_stm32f10x.o
LOAD ./SDK_ROBI_STM32F1_1.0.0/shared/Drivers/STM32F10x_StdPeriph_Driver/src/misc.o
LOAD ./SDK_ROBI_STM32F1_1.0.0/shared/Drivers/STM32F10x_StdPeriph_Driver/src/stm32f10x_adc.o
LOAD ./SDK_ROBI_STM32F1_1.0.0/shared/Drivers/STM32F10x_StdPeriph_Driver/src/stm32f10x_bkp.o
LOAD ./SDK_ROBI_STM32F1_1.0.0/shared/Drivers/STM32F10x_StdPeriph_Driver/src/stm32f10x_can.o
LOAD ./SDK_ROBI_STM32F1_1.0.0/shared/Drivers/STM32F10x_StdPeriph_Driver/src/stm32f10x_cec.o
LOAD ./SDK_ROBI_STM32F1_1.0.0/shared/Drivers/STM32F10x_StdPeriph_Driver/src/stm32f10x_crc.o
LOAD ./SDK_ROBI_STM32F1_1.0.0/shared/Drivers/STM32F10x_StdPeriph_Driver/src/stm32f10x_dac.o
LOAD ./SDK_ROBI_STM32F1_1.0.0/shared/Drivers/STM32F10x_StdPeriph_Driver/src/stm32f10x_dbgmcu.o
LOAD ./SDK_ROBI_STM32F1_1.0.0/shared/Drivers/STM32F10x_StdPeriph_Driver/src/stm32f10x_dma.o
LOAD ./SDK_ROBI_STM32F1_1.0.0/shared/Drivers/STM32F10x_StdPeriph_Driver/src/stm32f10x_exti.o
LOAD ./SDK_ROBI_STM32F1_1.0.0/shared/Drivers/STM32F10x_StdPeriph_Driver/src/stm32f10x_flash.o
LOAD ./SDK_ROBI_STM32F1_1.0.0/shared/Drivers/STM32F10x_StdPeriph_Driver/src/stm32f10x_fsmc.o
LOAD ./SDK_ROBI_STM32F1_1.0.0/shared/Drivers/STM32F10x_StdPeriph_Driver/src/stm32f10x_gpio.o
LOAD ./SDK_ROBI_STM32F1_1.0.0/shared/Drivers/STM32F10x_StdPeriph_Driver/src/stm32f10x_i2c.o
LOAD ./SDK_ROBI_STM32F1_1.0.0/shared/Drivers/STM32F10x_StdPeriph_Driver/src/stm32f10x_iwdg.o
LOAD ./SDK_ROBI_STM32F1_1.0.0/shared/Drivers/STM32F10x_StdPeriph_Driver/src/stm32f10x_pwr.o
LOAD ./SDK_ROBI_STM32F1_1.0.0/shared/Drivers/STM32F10x_StdPeriph_Driver/src/stm32f10x_rcc.o
LOAD ./SDK_ROBI_STM32F1_1.0.0/shared/Drivers/STM32F10x_StdPeriph_Driver/src/stm32f10x_rtc.o
LOAD ./SDK_ROBI_STM32F1_1.0.0/shared/Drivers/STM32F10x_StdPeriph_Driver/src/stm32f10x_sdio.o
LOAD ./SDK_ROBI_STM32F1_1.0.0/shared/Drivers/STM32F10x_StdPeriph_Driver/src/stm32f10x_spi.o
LOAD ./SDK_ROBI_STM32F1_1.0.0/shared/Drivers/STM32F10x_StdPeriph_Driver/src/stm32f10x_tim.o
LOAD ./SDK_ROBI_STM32F1_1.0.0/shared/Drivers/STM32F10x_StdPeriph_Driver/src/stm32f10x_usart.o
LOAD ./SDK_ROBI_STM32F1_1.0.0/shared/Drivers/STM32F10x_StdPeriph_Driver/src/stm32f10x_wwdg.o
LOAD ./SDK_ROBI_STM32F1_1.0.0/shared/Middle/button/button.o
LOAD ./SDK_ROBI_STM32F1_1.0.0/shared/Middle/button/eventbutton.o
LOAD ./SDK_ROBI_STM32F1_1.0.0/shared/Middle/buzzer/buzzer.o
LOAD ./SDK_ROBI_STM32F1_1.0.0/shared/Middle/buzzer/melody.o
LOAD ./SDK_ROBI_STM32F1_1.0.0/shared/Middle/lcd/GUI.o
LOAD ./SDK_ROBI_STM32F1_1.0.0/shared/Middle/lcd/lcd.o
LOAD ./SDK_ROBI_STM32F1_1.0.0/shared/Middle/led/led.o
LOAD ./SDK_ROBI_STM32F1_1.0.0/shared/Middle/motor/encoder.o
LOAD ./SDK_ROBI_STM32F1_1.0.0/shared/Middle/motor/motor.o
LOAD ./SDK_ROBI_STM32F1_1.0.0/shared/Middle/motor/pid.o
LOAD ./SDK_ROBI_STM32F1_1.0.0/shared/Middle/rtos/eventman.o
LOAD ./SDK_ROBI_STM32F1_1.0.0/shared/Middle/rtos/timer.o
LOAD ./SDK_ROBI_STM32F1_1.0.0/shared/Middle/sensor/optical_sensor.o
LOAD ./SDK_ROBI_STM32F1_1.0.0/shared/Middle/serial/serial.o
LOAD ./SDK_ROBI_STM32F1_1.0.0/shared/Middle/serial/uartcmd.o
LOAD ./SDK_ROBI_STM32F1_1.0.0/shared/Utilities/buff.o
LOAD ./SDK_ROBI_STM32F1_1.0.0/shared/Utilities/utilities.o
LOAD ./Src/main.o
LOAD ./Src/syscalls.o
LOAD ./Src/sysmem.o
LOAD ./Startup/startup_stm32f103c8tx.o
START GROUP
LOAD D:/DH/STM32/STM32CubeIDE_1.13.2/STM32CubeIDE/plugins/com.st.stm32cube.ide.mcu.externaltools.gnu-tools-for-stm32.11.3.rel1.win32_1.1.1.202309131626/tools/bin/../lib/gcc/arm-none-eabi/11.3.1/../../../../arm-none-eabi/lib/thumb/v7-m/nofp\libc_nano.a
LOAD D:/DH/STM32/STM32CubeIDE_1.13.2/STM32CubeIDE/plugins/com.st.stm32cube.ide.mcu.externaltools.gnu-tools-for-stm32.11.3.rel1.win32_1.1.1.202309131626/tools/bin/../lib/gcc/arm-none-eabi/11.3.1/../../../../arm-none-eabi/lib/thumb/v7-m/nofp\libm.a
END GROUP
START GROUP
LOAD D:/DH/STM32/STM32CubeIDE_1.13.2/STM32CubeIDE/plugins/com.st.stm32cube.ide.mcu.externaltools.gnu-tools-for-stm32.11.3.rel1.win32_1.1.1.202309131626/tools/bin/../lib/gcc/arm-none-eabi/11.3.1/thumb/v7-m/nofp\libgcc.a
LOAD D:/DH/STM32/STM32CubeIDE_1.13.2/STM32CubeIDE/plugins/com.st.stm32cube.ide.mcu.externaltools.gnu-tools-for-stm32.11.3.rel1.win32_1.1.1.202309131626/tools/bin/../lib/gcc/arm-none-eabi/11.3.1/../../../../arm-none-eabi/lib/thumb/v7-m/nofp\libc_nano.a
END GROUP
START GROUP
LOAD D:/DH/STM32/STM32CubeIDE_1.13.2/STM32CubeIDE/plugins/com.st.stm32cube.ide.mcu.externaltools.gnu-tools-for-stm32.11.3.rel1.win32_1.1.1.202309131626/tools/bin/../lib/gcc/arm-none-eabi/11.3.1/thumb/v7-m/nofp\libgcc.a
LOAD D:/DH/STM32/STM32CubeIDE_1.13.2/STM32CubeIDE/plugins/com.st.stm32cube.ide.mcu.externaltools.gnu-tools-for-stm32.11.3.rel1.win32_1.1.1.202309131626/tools/bin/../lib/gcc/arm-none-eabi/11.3.1/../../../../arm-none-eabi/lib/thumb/v7-m/nofp\libc_nano.a
LOAD D:/DH/STM32/STM32CubeIDE_1.13.2/STM32CubeIDE/plugins/com.st.stm32cube.ide.mcu.externaltools.gnu-tools-for-stm32.11.3.rel1.win32_1.1.1.202309131626/tools/bin/../lib/gcc/arm-none-eabi/11.3.1/../../../../arm-none-eabi/lib/thumb/v7-m/nofp\libnosys.a
END GROUP
START GROUP
LOAD D:/DH/STM32/STM32CubeIDE_1.13.2/STM32CubeIDE/plugins/com.st.stm32cube.ide.mcu.externaltools.gnu-tools-for-stm32.11.3.rel1.win32_1.1.1.202309131626/tools/bin/../lib/gcc/arm-none-eabi/11.3.1/thumb/v7-m/nofp\libgcc.a
LOAD D:/DH/STM32/STM32CubeIDE_1.13.2/STM32CubeIDE/plugins/com.st.stm32cube.ide.mcu.externaltools.gnu-tools-for-stm32.11.3.rel1.win32_1.1.1.202309131626/tools/bin/../lib/gcc/arm-none-eabi/11.3.1/../../../../arm-none-eabi/lib/thumb/v7-m/nofp\libc_nano.a
LOAD D:/DH/STM32/STM32CubeIDE_1.13.2/STM32CubeIDE/plugins/com.st.stm32cube.ide.mcu.externaltools.gnu-tools-for-stm32.11.3.rel1.win32_1.1.1.202309131626/tools/bin/../lib/gcc/arm-none-eabi/11.3.1/../../../../arm-none-eabi/lib/thumb/v7-m/nofp\libnosys.a
END GROUP
LOAD D:/DH/STM32/STM32CubeIDE_1.13.2/STM32CubeIDE/plugins/com.st.stm32cube.ide.mcu.externaltools.gnu-tools-for-stm32.11.3.rel1.win32_1.1.1.202309131626/tools/bin/../lib/gcc/arm-none-eabi/11.3.1/thumb/v7-m/nofp/crtend.o
LOAD D:/DH/STM32/STM32CubeIDE_1.13.2/STM32CubeIDE/plugins/com.st.stm32cube.ide.mcu.externaltools.gnu-tools-for-stm32.11.3.rel1.win32_1.1.1.202309131626/tools/bin/../lib/gcc/arm-none-eabi/11.3.1/thumb/v7-m/nofp/crtn.o
                0x0000000020005000                _estack = (ORIGIN (RAM) + LENGTH (RAM))
                0x0000000000000200                _Min_Heap_Size = 0x200
                0x0000000000000400                _Min_Stack_Size = 0x400

.isr_vector     0x0000000008000000      0x130
                0x0000000008000000                . = ALIGN (0x4)
 *(.isr_vector)
 .isr_vector    0x0000000008000000      0x130 ./Startup/startup_stm32f103c8tx.o
                0x0000000008000000                g_pfnVectors
                0x0000000008000130                . = ALIGN (0x4)

.text           0x0000000008000130     0x530c
                0x0000000008000130                . = ALIGN (0x4)
 *(.text)
 .text          0x0000000008000130       0x40 D:/DH/STM32/STM32CubeIDE_1.13.2/STM32CubeIDE/plugins/com.st.stm32cube.ide.mcu.externaltools.gnu-tools-for-stm32.11.3.rel1.win32_1.1.1.202309131626/tools/bin/../lib/gcc/arm-none-eabi/11.3.1/thumb/v7-m/nofp/crtbegin.o
 .text          0x0000000008000170      0x168 D:/DH/STM32/STM32CubeIDE_1.13.2/STM32CubeIDE/plugins/com.st.stm32cube.ide.mcu.externaltools.gnu-tools-for-stm32.11.3.rel1.win32_1.1.1.202309131626/tools/bin/../lib/gcc/arm-none-eabi/11.3.1/thumb/v7-m/nofp\libgcc.a(_arm_mulsf3.o)
                0x0000000008000170                __aeabi_fmul
                0x0000000008000170                __mulsf3
 .text          0x00000000080002d8      0x378 D:/DH/STM32/STM32CubeIDE_1.13.2/STM32CubeIDE/plugins/com.st.stm32cube.ide.mcu.externaltools.gnu-tools-for-stm32.11.3.rel1.win32_1.1.1.202309131626/tools/bin/../lib/gcc/arm-none-eabi/11.3.1/thumb/v7-m/nofp\libgcc.a(_arm_addsubdf3.o)
                0x00000000080002d8                __aeabi_drsub
                0x00000000080002e0                __aeabi_dsub
                0x00000000080002e0                __subdf3
                0x00000000080002e4                __aeabi_dadd
                0x00000000080002e4                __adddf3
                0x000000000800055c                __floatunsidf
                0x000000000800055c                __aeabi_ui2d
                0x000000000800057c                __floatsidf
                0x000000000800057c                __aeabi_i2d
                0x00000000080005a0                __aeabi_f2d
                0x00000000080005a0                __extendsfdf2
                0x00000000080005e4                __floatundidf
                0x00000000080005e4                __aeabi_ul2d
                0x00000000080005f4                __floatdidf
                0x00000000080005f4                __aeabi_l2d
 .text          0x0000000008000650      0x424 D:/DH/STM32/STM32CubeIDE_1.13.2/STM32CubeIDE/plugins/com.st.stm32cube.ide.mcu.externaltools.gnu-tools-for-stm32.11.3.rel1.win32_1.1.1.202309131626/tools/bin/../lib/gcc/arm-none-eabi/11.3.1/thumb/v7-m/nofp\libgcc.a(_arm_muldivdf3.o)
                0x0000000008000650                __aeabi_dmul
                0x0000000008000650                __muldf3
                0x00000000080008a4                __divdf3
                0x00000000080008a4                __aeabi_ddiv
 .text          0x0000000008000a74      0x110 D:/DH/STM32/STM32CubeIDE_1.13.2/STM32CubeIDE/plugins/com.st.stm32cube.ide.mcu.externaltools.gnu-tools-for-stm32.11.3.rel1.win32_1.1.1.202309131626/tools/bin/../lib/gcc/arm-none-eabi/11.3.1/thumb/v7-m/nofp\libgcc.a(_arm_cmpdf2.o)
                0x0000000008000a74                __gtdf2
                0x0000000008000a74                __gedf2
                0x0000000008000a7c                __ltdf2
                0x0000000008000a7c                __ledf2
                0x0000000008000a84                __nedf2
                0x0000000008000a84                __eqdf2
                0x0000000008000a84                __cmpdf2
                0x0000000008000b00                __aeabi_cdrcmple
                0x0000000008000b10                __aeabi_cdcmpeq
                0x0000000008000b10                __aeabi_cdcmple
                0x0000000008000b20                __aeabi_dcmpeq
                0x0000000008000b34                __aeabi_dcmplt
                0x0000000008000b48                __aeabi_dcmple
                0x0000000008000b5c                __aeabi_dcmpge
                0x0000000008000b70                __aeabi_dcmpgt
 .text          0x0000000008000b84       0x2c D:/DH/STM32/STM32CubeIDE_1.13.2/STM32CubeIDE/plugins/com.st.stm32cube.ide.mcu.externaltools.gnu-tools-for-stm32.11.3.rel1.win32_1.1.1.202309131626/tools/bin/../lib/gcc/arm-none-eabi/11.3.1/thumb/v7-m/nofp\libgcc.a(_arm_unorddf2.o)
                0x0000000008000b84                __unorddf2
                0x0000000008000b84                __aeabi_dcmpun
 .text          0x0000000008000bb0       0x50 D:/DH/STM32/STM32CubeIDE_1.13.2/STM32CubeIDE/plugins/com.st.stm32cube.ide.mcu.externaltools.gnu-tools-for-stm32.11.3.rel1.win32_1.1.1.202309131626/tools/bin/../lib/gcc/arm-none-eabi/11.3.1/thumb/v7-m/nofp\libgcc.a(_arm_fixdfsi.o)
                0x0000000008000bb0                __aeabi_d2iz
                0x0000000008000bb0                __fixdfsi
 .text          0x0000000008000c00       0xa0 D:/DH/STM32/STM32CubeIDE_1.13.2/STM32CubeIDE/plugins/com.st.stm32cube.ide.mcu.externaltools.gnu-tools-for-stm32.11.3.rel1.win32_1.1.1.202309131626/tools/bin/../lib/gcc/arm-none-eabi/11.3.1/thumb/v7-m/nofp\libgcc.a(_arm_truncdfsf2.o)
                0x0000000008000c00                __truncdfsf2
                0x0000000008000c00                __aeabi_d2f
 .text          0x0000000008000ca0      0x21c D:/DH/STM32/STM32CubeIDE_1.13.2/STM32CubeIDE/plugins/com.st.stm32cube.ide.mcu.externaltools.gnu-tools-for-stm32.11.3.rel1.win32_1.1.1.202309131626/tools/bin/../lib/gcc/arm-none-eabi/11.3.1/thumb/v7-m/nofp\libgcc.a(_arm_addsubsf3.o)
                0x0000000008000ca0                __aeabi_frsub
                0x0000000008000ca8                __subsf3
                0x0000000008000ca8                __aeabi_fsub
                0x0000000008000cac                __aeabi_fadd
                0x0000000008000cac                __addsf3
                0x0000000008000e0c                __aeabi_ui2f
                0x0000000008000e0c                __floatunsisf
                0x0000000008000e14                __aeabi_i2f
                0x0000000008000e14                __floatsisf
                0x0000000008000e30                __aeabi_ul2f
                0x0000000008000e30                __floatundisf
                0x0000000008000e40                __aeabi_l2f
                0x0000000008000e40                __floatdisf
 .text          0x0000000008000ebc       0x4c D:/DH/STM32/STM32CubeIDE_1.13.2/STM32CubeIDE/plugins/com.st.stm32cube.ide.mcu.externaltools.gnu-tools-for-stm32.11.3.rel1.win32_1.1.1.202309131626/tools/bin/../lib/gcc/arm-none-eabi/11.3.1/thumb/v7-m/nofp\libgcc.a(_arm_fixsfsi.o)
                0x0000000008000ebc                __aeabi_f2iz
                0x0000000008000ebc                __fixsfsi
 *(.text*)
 .text.SystemInit
                0x0000000008000f08       0x68 ./SDK_ROBI_STM32F1_1.0.0/shared/Drivers/CMSIS/Source/system_stm32f10x.o
                0x0000000008000f08                SystemInit
 .text.SystemCoreClockUpdate
                0x0000000008000f70       0xe4 ./SDK_ROBI_STM32F1_1.0.0/shared/Drivers/CMSIS/Source/system_stm32f10x.o
                0x0000000008000f70                SystemCoreClockUpdate
 .text.SetSysClock
                0x0000000008001054        0xc ./SDK_ROBI_STM32F1_1.0.0/shared/Drivers/CMSIS/Source/system_stm32f10x.o
 .text.SetSysClockTo72
                0x0000000008001060      0x100 ./SDK_ROBI_STM32F1_1.0.0/shared/Drivers/CMSIS/Source/system_stm32f10x.o
 .text.NVIC_PriorityGroupConfig
                0x0000000008001160       0x24 ./SDK_ROBI_STM32F1_1.0.0/shared/Drivers/STM32F10x_StdPeriph_Driver/src/misc.o
                0x0000000008001160                NVIC_PriorityGroupConfig
 .text.NVIC_Init
                0x0000000008001184       0xc4 ./SDK_ROBI_STM32F1_1.0.0/shared/Drivers/STM32F10x_StdPeriph_Driver/src/misc.o
                0x0000000008001184                NVIC_Init
 .text.ADC_DeInit
                0x0000000008001248       0x74 ./SDK_ROBI_STM32F1_1.0.0/shared/Drivers/STM32F10x_StdPeriph_Driver/src/stm32f10x_adc.o
                0x0000000008001248                ADC_DeInit
 .text.ADC_Init
                0x00000000080012bc       0xa4 ./SDK_ROBI_STM32F1_1.0.0/shared/Drivers/STM32F10x_StdPeriph_Driver/src/stm32f10x_adc.o
                0x00000000080012bc                ADC_Init
 .text.ADC_StructInit
                0x0000000008001360       0x36 ./SDK_ROBI_STM32F1_1.0.0/shared/Drivers/STM32F10x_StdPeriph_Driver/src/stm32f10x_adc.o
                0x0000000008001360                ADC_StructInit
 .text.ADC_Cmd  0x0000000008001396       0x36 ./SDK_ROBI_STM32F1_1.0.0/shared/Drivers/STM32F10x_StdPeriph_Driver/src/stm32f10x_adc.o
                0x0000000008001396                ADC_Cmd
 .text.ADC_DMACmd
                0x00000000080013cc       0x36 ./SDK_ROBI_STM32F1_1.0.0/shared/Drivers/STM32F10x_StdPeriph_Driver/src/stm32f10x_adc.o
                0x00000000080013cc                ADC_DMACmd
 .text.ADC_ResetCalibration
                0x0000000008001402       0x1e ./SDK_ROBI_STM32F1_1.0.0/shared/Drivers/STM32F10x_StdPeriph_Driver/src/stm32f10x_adc.o
                0x0000000008001402                ADC_ResetCalibration
 .text.ADC_GetResetCalibrationStatus
                0x0000000008001420       0x2e ./SDK_ROBI_STM32F1_1.0.0/shared/Drivers/STM32F10x_StdPeriph_Driver/src/stm32f10x_adc.o
                0x0000000008001420                ADC_GetResetCalibrationStatus
 .text.ADC_StartCalibration
                0x000000000800144e       0x1e ./SDK_ROBI_STM32F1_1.0.0/shared/Drivers/STM32F10x_StdPeriph_Driver/src/stm32f10x_adc.o
                0x000000000800144e                ADC_StartCalibration
 .text.ADC_GetCalibrationStatus
                0x000000000800146c       0x2e ./SDK_ROBI_STM32F1_1.0.0/shared/Drivers/STM32F10x_StdPeriph_Driver/src/stm32f10x_adc.o
                0x000000000800146c                ADC_GetCalibrationStatus
 .text.ADC_SoftwareStartConvCmd
                0x000000000800149a       0x36 ./SDK_ROBI_STM32F1_1.0.0/shared/Drivers/STM32F10x_StdPeriph_Driver/src/stm32f10x_adc.o
                0x000000000800149a                ADC_SoftwareStartConvCmd
 .text.ADC_RegularChannelConfig
                0x00000000080014d0      0x192 ./SDK_ROBI_STM32F1_1.0.0/shared/Drivers/STM32F10x_StdPeriph_Driver/src/stm32f10x_adc.o
                0x00000000080014d0                ADC_RegularChannelConfig
 *fill*         0x0000000008001662        0x2 
 .text.DMA_DeInit
                0x0000000008001664      0x178 ./SDK_ROBI_STM32F1_1.0.0/shared/Drivers/STM32F10x_StdPeriph_Driver/src/stm32f10x_dma.o
                0x0000000008001664                DMA_DeInit
 .text.DMA_Init
                0x00000000080017dc       0x7c ./SDK_ROBI_STM32F1_1.0.0/shared/Drivers/STM32F10x_StdPeriph_Driver/src/stm32f10x_dma.o
                0x00000000080017dc                DMA_Init
 .text.DMA_Cmd  0x0000000008001858       0x38 ./SDK_ROBI_STM32F1_1.0.0/shared/Drivers/STM32F10x_StdPeriph_Driver/src/stm32f10x_dma.o
                0x0000000008001858                DMA_Cmd
 .text.EXTI_Init
                0x0000000008001890       0xe4 ./SDK_ROBI_STM32F1_1.0.0/shared/Drivers/STM32F10x_StdPeriph_Driver/src/stm32f10x_exti.o
                0x0000000008001890                EXTI_Init
 .text.EXTI_GetFlagStatus
                0x0000000008001974       0x34 ./SDK_ROBI_STM32F1_1.0.0/shared/Drivers/STM32F10x_StdPeriph_Driver/src/stm32f10x_exti.o
                0x0000000008001974                EXTI_GetFlagStatus
 .text.EXTI_ClearITPendingBit
                0x00000000080019a8       0x1c ./SDK_ROBI_STM32F1_1.0.0/shared/Drivers/STM32F10x_StdPeriph_Driver/src/stm32f10x_exti.o
                0x00000000080019a8                EXTI_ClearITPendingBit
 .text.GPIO_Init
                0x00000000080019c4      0x178 ./SDK_ROBI_STM32F1_1.0.0/shared/Drivers/STM32F10x_StdPeriph_Driver/src/stm32f10x_gpio.o
                0x00000000080019c4                GPIO_Init
 .text.GPIO_ReadInputDataBit
                0x0000000008001b3c       0x32 ./SDK_ROBI_STM32F1_1.0.0/shared/Drivers/STM32F10x_StdPeriph_Driver/src/stm32f10x_gpio.o
                0x0000000008001b3c                GPIO_ReadInputDataBit
 .text.GPIO_SetBits
                0x0000000008001b6e       0x1c ./SDK_ROBI_STM32F1_1.0.0/shared/Drivers/STM32F10x_StdPeriph_Driver/src/stm32f10x_gpio.o
                0x0000000008001b6e                GPIO_SetBits
 .text.GPIO_ResetBits
                0x0000000008001b8a       0x1c ./SDK_ROBI_STM32F1_1.0.0/shared/Drivers/STM32F10x_StdPeriph_Driver/src/stm32f10x_gpio.o
                0x0000000008001b8a                GPIO_ResetBits
 *fill*         0x0000000008001ba6        0x2 
 .text.GPIO_PinRemapConfig
                0x0000000008001ba8       0xe0 ./SDK_ROBI_STM32F1_1.0.0/shared/Drivers/STM32F10x_StdPeriph_Driver/src/stm32f10x_gpio.o
                0x0000000008001ba8                GPIO_PinRemapConfig
 .text.GPIO_EXTILineConfig
                0x0000000008001c88       0x80 ./SDK_ROBI_STM32F1_1.0.0/shared/Drivers/STM32F10x_StdPeriph_Driver/src/stm32f10x_gpio.o
                0x0000000008001c88                GPIO_EXTILineConfig
 .text.RCC_ADCCLKConfig
                0x0000000008001d08       0x38 ./SDK_ROBI_STM32F1_1.0.0/shared/Drivers/STM32F10x_StdPeriph_Driver/src/stm32f10x_rcc.o
                0x0000000008001d08                RCC_ADCCLKConfig
 .text.RCC_GetClocksFreq
                0x0000000008001d40      0x16c ./SDK_ROBI_STM32F1_1.0.0/shared/Drivers/STM32F10x_StdPeriph_Driver/src/stm32f10x_rcc.o
                0x0000000008001d40                RCC_GetClocksFreq
 .text.RCC_AHBPeriphClockCmd
                0x0000000008001eac       0x3c ./SDK_ROBI_STM32F1_1.0.0/shared/Drivers/STM32F10x_StdPeriph_Driver/src/stm32f10x_rcc.o
                0x0000000008001eac                RCC_AHBPeriphClockCmd
 .text.RCC_APB2PeriphClockCmd
                0x0000000008001ee8       0x3c ./SDK_ROBI_STM32F1_1.0.0/shared/Drivers/STM32F10x_StdPeriph_Driver/src/stm32f10x_rcc.o
                0x0000000008001ee8                RCC_APB2PeriphClockCmd
 .text.RCC_APB1PeriphClockCmd
                0x0000000008001f24       0x3c ./SDK_ROBI_STM32F1_1.0.0/shared/Drivers/STM32F10x_StdPeriph_Driver/src/stm32f10x_rcc.o
                0x0000000008001f24                RCC_APB1PeriphClockCmd
 .text.RCC_APB2PeriphResetCmd
                0x0000000008001f60       0x3c ./SDK_ROBI_STM32F1_1.0.0/shared/Drivers/STM32F10x_StdPeriph_Driver/src/stm32f10x_rcc.o
                0x0000000008001f60                RCC_APB2PeriphResetCmd
 .text.TIM_TimeBaseInit
                0x0000000008001f9c       0xf8 ./SDK_ROBI_STM32F1_1.0.0/shared/Drivers/STM32F10x_StdPeriph_Driver/src/stm32f10x_tim.o
                0x0000000008001f9c                TIM_TimeBaseInit
 .text.TIM_OC1Init
                0x0000000008002094      0x118 ./SDK_ROBI_STM32F1_1.0.0/shared/Drivers/STM32F10x_StdPeriph_Driver/src/stm32f10x_tim.o
                0x0000000008002094                TIM_OC1Init
 .text.TIM_OC2Init
                0x00000000080021ac      0x110 ./SDK_ROBI_STM32F1_1.0.0/shared/Drivers/STM32F10x_StdPeriph_Driver/src/stm32f10x_tim.o
                0x00000000080021ac                TIM_OC2Init
 .text.TIM_OC3Init
                0x00000000080022bc      0x10c ./SDK_ROBI_STM32F1_1.0.0/shared/Drivers/STM32F10x_StdPeriph_Driver/src/stm32f10x_tim.o
                0x00000000080022bc                TIM_OC3Init
 .text.TIM_OC4Init
                0x00000000080023c8       0xd0 ./SDK_ROBI_STM32F1_1.0.0/shared/Drivers/STM32F10x_StdPeriph_Driver/src/stm32f10x_tim.o
                0x00000000080023c8                TIM_OC4Init
 .text.TIM_Cmd  0x0000000008002498       0x3e ./SDK_ROBI_STM32F1_1.0.0/shared/Drivers/STM32F10x_StdPeriph_Driver/src/stm32f10x_tim.o
                0x0000000008002498                TIM_Cmd
 .text.TIM_ARRPreloadConfig
                0x00000000080024d6       0x3e ./SDK_ROBI_STM32F1_1.0.0/shared/Drivers/STM32F10x_StdPeriph_Driver/src/stm32f10x_tim.o
                0x00000000080024d6                TIM_ARRPreloadConfig
 .text.TIM_OC1PreloadConfig
                0x0000000008002514       0x36 ./SDK_ROBI_STM32F1_1.0.0/shared/Drivers/STM32F10x_StdPeriph_Driver/src/stm32f10x_tim.o
                0x0000000008002514                TIM_OC1PreloadConfig
 .text.TIM_OC2PreloadConfig
                0x000000000800254a       0x3a ./SDK_ROBI_STM32F1_1.0.0/shared/Drivers/STM32F10x_StdPeriph_Driver/src/stm32f10x_tim.o
                0x000000000800254a                TIM_OC2PreloadConfig
 .text.TIM_OC3PreloadConfig
                0x0000000008002584       0x36 ./SDK_ROBI_STM32F1_1.0.0/shared/Drivers/STM32F10x_StdPeriph_Driver/src/stm32f10x_tim.o
                0x0000000008002584                TIM_OC3PreloadConfig
 .text.TIM_OC4PreloadConfig
                0x00000000080025ba       0x3a ./SDK_ROBI_STM32F1_1.0.0/shared/Drivers/STM32F10x_StdPeriph_Driver/src/stm32f10x_tim.o
                0x00000000080025ba                TIM_OC4PreloadConfig
 .text.TIM_SetCounter
                0x00000000080025f4       0x1c ./SDK_ROBI_STM32F1_1.0.0/shared/Drivers/STM32F10x_StdPeriph_Driver/src/stm32f10x_tim.o
                0x00000000080025f4                TIM_SetCounter
 .text.TIM_SetCompare1
                0x0000000008002610       0x1c ./SDK_ROBI_STM32F1_1.0.0/shared/Drivers/STM32F10x_StdPeriph_Driver/src/stm32f10x_tim.o
                0x0000000008002610                TIM_SetCompare1
 .text.TIM_SetCompare2
                0x000000000800262c       0x1c ./SDK_ROBI_STM32F1_1.0.0/shared/Drivers/STM32F10x_StdPeriph_Driver/src/stm32f10x_tim.o
                0x000000000800262c                TIM_SetCompare2
 .text.TIM_SetCompare3
                0x0000000008002648       0x1c ./SDK_ROBI_STM32F1_1.0.0/shared/Drivers/STM32F10x_StdPeriph_Driver/src/stm32f10x_tim.o
                0x0000000008002648                TIM_SetCompare3
 .text.TIM_SetCompare4
                0x0000000008002664       0x1e ./SDK_ROBI_STM32F1_1.0.0/shared/Drivers/STM32F10x_StdPeriph_Driver/src/stm32f10x_tim.o
                0x0000000008002664                TIM_SetCompare4
 *fill*         0x0000000008002682        0x2 
 .text.USART_Init
                0x0000000008002684      0x174 ./SDK_ROBI_STM32F1_1.0.0/shared/Drivers/STM32F10x_StdPeriph_Driver/src/stm32f10x_usart.o
                0x0000000008002684                USART_Init
 .text.USART_Cmd
                0x00000000080027f8       0x3e ./SDK_ROBI_STM32F1_1.0.0/shared/Drivers/STM32F10x_StdPeriph_Driver/src/stm32f10x_usart.o
                0x00000000080027f8                USART_Cmd
 .text.USART_ITConfig
                0x0000000008002836       0x8e ./SDK_ROBI_STM32F1_1.0.0/shared/Drivers/STM32F10x_StdPeriph_Driver/src/stm32f10x_usart.o
                0x0000000008002836                USART_ITConfig
 .text.USART_ReceiveData
                0x00000000080028c4       0x1e ./SDK_ROBI_STM32F1_1.0.0/shared/Drivers/STM32F10x_StdPeriph_Driver/src/stm32f10x_usart.o
                0x00000000080028c4                USART_ReceiveData
 .text.USART_GetITStatus
                0x00000000080028e2       0xb4 ./SDK_ROBI_STM32F1_1.0.0/shared/Drivers/STM32F10x_StdPeriph_Driver/src/stm32f10x_usart.o
                0x00000000080028e2                USART_GetITStatus
 .text.USART_ClearITPendingBit
                0x0000000008002996       0x38 ./SDK_ROBI_STM32F1_1.0.0/shared/Drivers/STM32F10x_StdPeriph_Driver/src/stm32f10x_usart.o
                0x0000000008002996                USART_ClearITPendingBit
 *fill*         0x00000000080029ce        0x2 
 .text.Button_Init
                0x00000000080029d0       0xc4 ./SDK_ROBI_STM32F1_1.0.0/shared/Middle/button/button.o
                0x00000000080029d0                Button_Init
 .text.Button_RegisterEventCallback
                0x0000000008002a94       0x30 ./SDK_ROBI_STM32F1_1.0.0/shared/Middle/button/button.o
                0x0000000008002a94                Button_RegisterEventCallback
 .text.ButtonScanTypeEdge
                0x0000000008002ac4      0x208 ./SDK_ROBI_STM32F1_1.0.0/shared/Middle/button/button.o
 .text.ButtonScanEventHandler
                0x0000000008002ccc       0x4c ./SDK_ROBI_STM32F1_1.0.0/shared/Middle/button/button.o
 .text.BTNGPIO_Init
                0x0000000008002d18       0x34 ./SDK_ROBI_STM32F1_1.0.0/shared/Middle/button/button.o
 .text.EventButton_Init
                0x0000000008002d4c       0x3c ./SDK_ROBI_STM32F1_1.0.0/shared/Middle/button/eventbutton.o
                0x0000000008002d4c                EventButton_Init
 .text.ButtonProcessEventEdge
                0x0000000008002d88       0x32 ./SDK_ROBI_STM32F1_1.0.0/shared/Middle/button/eventbutton.o
 .text.ButtonProcessEventPress
                0x0000000008002dba       0x66 ./SDK_ROBI_STM32F1_1.0.0/shared/Middle/button/eventbutton.o
 .text.ButtonProcessEventHold
                0x0000000008002e20       0x5e ./SDK_ROBI_STM32F1_1.0.0/shared/Middle/button/eventbutton.o
 .text.ButtonProcessEventRelease
                0x0000000008002e7e       0x5e ./SDK_ROBI_STM32F1_1.0.0/shared/Middle/button/eventbutton.o
 .text.BuzzerControl_Init
                0x0000000008002edc       0x1c ./SDK_ROBI_STM32F1_1.0.0/shared/Middle/buzzer/buzzer.o
                0x0000000008002edc                BuzzerControl_Init
 .text.BUZZTIM_InitTimer
                0x0000000008002ef8       0x3c ./SDK_ROBI_STM32F1_1.0.0/shared/Middle/buzzer/buzzer.o
 .text.BUZZTIM_InitPWMChannel
                0x0000000008002f34       0x70 ./SDK_ROBI_STM32F1_1.0.0/shared/Middle/buzzer/buzzer.o
 .text.LedControl_Init
                0x0000000008002fa4        0xc ./SDK_ROBI_STM32F1_1.0.0/shared/Middle/led/led.o
                0x0000000008002fa4                LedControl_Init
 .text.LedControl_SetColorIndividual
                0x0000000008002fb0       0xb4 ./SDK_ROBI_STM32F1_1.0.0/shared/Middle/led/led.o
                0x0000000008002fb0                LedControl_SetColorIndividual
 .text.LEDGPIO_Config
                0x0000000008003064       0x30 ./SDK_ROBI_STM32F1_1.0.0/shared/Middle/led/led.o
 .text.Encoder_Init
                0x0000000008003094       0x10 ./SDK_ROBI_STM32F1_1.0.0/shared/Middle/motor/encoder.o
                0x0000000008003094                Encoder_Init
 .text.EncoderGPIO_Config
                0x00000000080030a4       0xa0 ./SDK_ROBI_STM32F1_1.0.0/shared/Middle/motor/encoder.o
 .text.binaryToDecimal
                0x0000000008003144       0xc4 ./SDK_ROBI_STM32F1_1.0.0/shared/Middle/motor/encoder.o
                0x0000000008003144                binaryToDecimal
 .text.EXTI3_IRQHandler
                0x0000000008003208       0x94 ./SDK_ROBI_STM32F1_1.0.0/shared/Middle/motor/encoder.o
                0x0000000008003208                EXTI3_IRQHandler
 .text.EXTI9_5_IRQHandler
                0x000000000800329c       0x90 ./SDK_ROBI_STM32F1_1.0.0/shared/Middle/motor/encoder.o
                0x000000000800329c                EXTI9_5_IRQHandler
 .text.CalculateSpeed
                0x000000000800332c       0xdc ./SDK_ROBI_STM32F1_1.0.0/shared/Middle/motor/encoder.o
 .text.ScanTimer
                0x0000000008003408       0x48 ./SDK_ROBI_STM32F1_1.0.0/shared/Middle/motor/encoder.o
 .text.MotorControl_Init
                0x0000000008003450        0xc ./SDK_ROBI_STM32F1_1.0.0/shared/Middle/motor/motor.o
                0x0000000008003450                MotorControl_Init
 .text.MOTOR_GPIO_Config
                0x000000000800345c       0xd0 ./SDK_ROBI_STM32F1_1.0.0/shared/Middle/motor/motor.o
 .text.MotorControl_ForwardRotating
                0x000000000800352c       0x9c ./SDK_ROBI_STM32F1_1.0.0/shared/Middle/motor/motor.o
                0x000000000800352c                MotorControl_ForwardRotating
 .text.MotorControl_ReverseRotating
                0x00000000080035c8       0x9c ./SDK_ROBI_STM32F1_1.0.0/shared/Middle/motor/motor.o
                0x00000000080035c8                MotorControl_ReverseRotating
 *fill*         0x0000000008003664        0x4 
 .text.LineFollow
                0x0000000008003668      0x11c ./SDK_ROBI_STM32F1_1.0.0/shared/Middle/motor/pid.o
                0x0000000008003668                LineFollow
 .text.PID_Control
                0x0000000008003784      0x184 ./SDK_ROBI_STM32F1_1.0.0/shared/Middle/motor/pid.o
                0x0000000008003784                PID_Control
 .text.Check_InLine
                0x0000000008003908       0x84 ./SDK_ROBI_STM32F1_1.0.0/shared/Middle/motor/pid.o
                0x0000000008003908                Check_InLine
 .text.MotorControl_PID
                0x000000000800398c       0x74 ./SDK_ROBI_STM32F1_1.0.0/shared/Middle/motor/pid.o
                0x000000000800398c                MotorControl_PID
 .text.EventSchedulerInit
                0x0000000008003a00       0x38 ./SDK_ROBI_STM32F1_1.0.0/shared/Middle/rtos/eventman.o
                0x0000000008003a00                EventSchedulerInit
 .text.EventSchedulerAdd
                0x0000000008003a38       0x2c ./SDK_ROBI_STM32F1_1.0.0/shared/Middle/rtos/eventman.o
                0x0000000008003a38                EventSchedulerAdd
 .text.NVIC_SetPriority
                0x0000000008003a64       0x54 ./SDK_ROBI_STM32F1_1.0.0/shared/Middle/rtos/timer.o
 .text.SysTick_Config
                0x0000000008003ab8       0x44 ./SDK_ROBI_STM32F1_1.0.0/shared/Middle/rtos/timer.o
 .text.TimerInit
                0x0000000008003afc       0x44 ./SDK_ROBI_STM32F1_1.0.0/shared/Middle/rtos/timer.o
                0x0000000008003afc                TimerInit
 .text.TimerStart
                0x0000000008003b40       0xc4 ./SDK_ROBI_STM32F1_1.0.0/shared/Middle/rtos/timer.o
                0x0000000008003b40                TimerStart
 .text.TimerStop
                0x0000000008003c04       0x9c ./SDK_ROBI_STM32F1_1.0.0/shared/Middle/rtos/timer.o
                0x0000000008003c04                TimerStop
 .text.GetMilSecTick
                0x0000000008003ca0       0x14 ./SDK_ROBI_STM32F1_1.0.0/shared/Middle/rtos/timer.o
                0x0000000008003ca0                GetMilSecTick
 .text.SysTick_Handler
                0x0000000008003cb4       0x1c ./SDK_ROBI_STM32F1_1.0.0/shared/Middle/rtos/timer.o
                0x0000000008003cb4                SysTick_Handler
 .text.OpticalSensor_Init
                0x0000000008003cd0      0x168 ./SDK_ROBI_STM32F1_1.0.0/shared/Middle/sensor/optical_sensor.o
                0x0000000008003cd0                OpticalSensor_Init
 .text.OpticalSensor_MeasureUseDMAMode
                0x0000000008003e38       0x2c ./SDK_ROBI_STM32F1_1.0.0/shared/Middle/sensor/optical_sensor.o
                0x0000000008003e38                OpticalSensor_MeasureUseDMAMode
 .text.SamplingWhite
                0x0000000008003e64       0x90 ./SDK_ROBI_STM32F1_1.0.0/shared/Middle/sensor/optical_sensor.o
                0x0000000008003e64                SamplingWhite
 .text.SamplingBlack
                0x0000000008003ef4       0x90 ./SDK_ROBI_STM32F1_1.0.0/shared/Middle/sensor/optical_sensor.o
                0x0000000008003ef4                SamplingBlack
 .text.Calculate_AdcThreshold
                0x0000000008003f84       0x58 ./SDK_ROBI_STM32F1_1.0.0/shared/Middle/sensor/optical_sensor.o
                0x0000000008003f84                Calculate_AdcThreshold
 .text.Serial_Init
                0x0000000008003fdc       0x40 ./SDK_ROBI_STM32F1_1.0.0/shared/Middle/serial/serial.o
                0x0000000008003fdc                Serial_Init
 .text.UART_RegBufferRx
                0x000000000800401c       0x24 ./SDK_ROBI_STM32F1_1.0.0/shared/Middle/serial/serial.o
                0x000000000800401c                UART_RegBufferRx
 .text.UART_Init
                0x0000000008004040       0xcc ./SDK_ROBI_STM32F1_1.0.0/shared/Middle/serial/serial.o
                0x0000000008004040                UART_Init
 .text.USART1_IRQHandler
                0x000000000800410c       0x50 ./SDK_ROBI_STM32F1_1.0.0/shared/Middle/serial/serial.o
                0x000000000800410c                USART1_IRQHandler
 .text.__enable_irq
                0x000000000800415c        0xe ./SDK_ROBI_STM32F1_1.0.0/shared/Utilities/buff.o
 .text.__disable_irq
                0x000000000800416a        0xe ./SDK_ROBI_STM32F1_1.0.0/shared/Utilities/buff.o
 .text.bufInit  0x0000000008004178       0x36 ./SDK_ROBI_STM32F1_1.0.0/shared/Utilities/buff.o
                0x0000000008004178                bufInit
 .text.bufIsFull
                0x00000000080041ae       0x24 ./SDK_ROBI_STM32F1_1.0.0/shared/Utilities/buff.o
                0x00000000080041ae                bufIsFull
 .text.bufFlush
                0x00000000080041d2       0x32 ./SDK_ROBI_STM32F1_1.0.0/shared/Utilities/buff.o
                0x00000000080041d2                bufFlush
 .text.bufEnDat
                0x0000000008004204       0xa0 ./SDK_ROBI_STM32F1_1.0.0/shared/Utilities/buff.o
                0x0000000008004204                bufEnDat
 .text.memsetl  0x00000000080042a4       0x32 ./SDK_ROBI_STM32F1_1.0.0/shared/Utilities/utilities.o
                0x00000000080042a4                memsetl
 *fill*         0x00000000080042d6        0x2 
 .text.main     0x00000000080042d8       0x34 ./Src/main.o
                0x00000000080042d8                main
 .text.AppInitCommon
                0x000000000800430c       0x3c ./Src/main.o
 .text.LoadConfiguration
                0x0000000008004348        0xc ./Src/main.o
                0x0000000008004348                LoadConfiguration
 .text.AppStateManager
                0x0000000008004354       0x50 ./Src/main.o
 .text.SetStateApp
                0x00000000080043a4       0x20 ./Src/main.o
 .text.GetStateApp
                0x00000000080043c4       0x14 ./Src/main.o
 .text.DeviceStateMachine
                0x00000000080043d8       0x84 ./Src/main.o
 .text.CalculatorTime
                0x000000000800445c       0x32 ./Src/main.o
                0x000000000800445c                CalculatorTime
 *fill*         0x000000000800448e        0x2 
 .text.Toggle_Led
                0x0000000008004490       0x98 ./Src/main.o
                0x0000000008004490                Toggle_Led
 .text.LineFollow_Process
                0x0000000008004528       0x40 ./Src/main.o
 .text.Reset_Handler
                0x0000000008004568       0x50 ./Startup/startup_stm32f103c8tx.o
                0x0000000008004568                Reset_Handler
 .text.Default_Handler
                0x00000000080045b8        0x2 ./Startup/startup_stm32f103c8tx.o
                0x00000000080045b8                EXTI2_IRQHandler
                0x00000000080045b8                TIM8_TRG_COM_IRQHandler
                0x00000000080045b8                TIM8_CC_IRQHandler
                0x00000000080045b8                DebugMon_Handler
                0x00000000080045b8                TIM1_CC_IRQHandler
                0x00000000080045b8                HardFault_Handler
                0x00000000080045b8                TIM6_IRQHandler
                0x00000000080045b8                PVD_IRQHandler
                0x00000000080045b8                SDIO_IRQHandler
                0x00000000080045b8                PendSV_Handler
                0x00000000080045b8                NMI_Handler
                0x00000000080045b8                USB_HP_CAN_TX_IRQHandler
                0x00000000080045b8                EXTI0_IRQHandler
                0x00000000080045b8                I2C2_EV_IRQHandler
                0x00000000080045b8                UsageFault_Handler
                0x00000000080045b8                ADC1_2_IRQHandler
                0x00000000080045b8                SPI1_IRQHandler
                0x00000000080045b8                CAN_SCE_IRQHandler
                0x00000000080045b8                TAMPER_IRQHandler
                0x00000000080045b8                TIM8_UP_IRQHandler
                0x00000000080045b8                DMA2_Channel2_IRQHandler
                0x00000000080045b8                DMA1_Channel4_IRQHandler
                0x00000000080045b8                USART3_IRQHandler
                0x00000000080045b8                RTC_IRQHandler
                0x00000000080045b8                DMA1_Channel7_IRQHandler
                0x00000000080045b8                UART5_IRQHandler
                0x00000000080045b8                ADC3_IRQHandler
                0x00000000080045b8                TIM4_IRQHandler
                0x00000000080045b8                CAN_RX1_IRQHandler
                0x00000000080045b8                DMA2_Channel1_IRQHandler
                0x00000000080045b8                I2C1_EV_IRQHandler
                0x00000000080045b8                DMA1_Channel6_IRQHandler
                0x00000000080045b8                UART4_IRQHandler
                0x00000000080045b8                TIM3_IRQHandler
                0x00000000080045b8                RCC_IRQHandler
                0x00000000080045b8                TIM1_TRG_COM_IRQHandler
                0x00000000080045b8                DMA1_Channel1_IRQHandler
                0x00000000080045b8                Default_Handler
                0x00000000080045b8                EXTI15_10_IRQHandler
                0x00000000080045b8                TIM7_IRQHandler
                0x00000000080045b8                TIM5_IRQHandler
                0x00000000080045b8                SPI2_IRQHandler
                0x00000000080045b8                USB_LP_CAN_RX0_IRQHandler
                0x00000000080045b8                MemManage_Handler
                0x00000000080045b8                SVC_Handler
                0x00000000080045b8                DMA1_Channel5_IRQHandler
                0x00000000080045b8                EXTI4_IRQHandler
                0x00000000080045b8                DMA1_Channel3_IRQHandler
                0x00000000080045b8                FSMC_IRQHandler
                0x00000000080045b8                TIM1_UP_IRQHandler
                0x00000000080045b8                WWDG_IRQHandler
                0x00000000080045b8                TIM2_IRQHandler
                0x00000000080045b8                TIM1_BRK_IRQHandler
                0x00000000080045b8                EXTI1_IRQHandler
                0x00000000080045b8                RTCAlarm_IRQHandler
                0x00000000080045b8                DMA2_Channel4_5_IRQHandler
                0x00000000080045b8                USART2_IRQHandler
                0x00000000080045b8                I2C2_ER_IRQHandler
                0x00000000080045b8                DMA1_Channel2_IRQHandler
                0x00000000080045b8                TIM8_BRK_IRQHandler
                0x00000000080045b8                FLASH_IRQHandler
                0x00000000080045b8                BusFault_Handler
                0x00000000080045b8                SPI3_IRQHandler
                0x00000000080045b8                I2C1_ER_IRQHandler
                0x00000000080045b8                DMA2_Channel3_IRQHandler
 *fill*         0x00000000080045ba        0x2 
 .text.__errno  0x00000000080045bc        0xc D:/DH/STM32/STM32CubeIDE_1.13.2/STM32CubeIDE/plugins/com.st.stm32cube.ide.mcu.externaltools.gnu-tools-for-stm32.11.3.rel1.win32_1.1.1.202309131626/tools/bin/../lib/gcc/arm-none-eabi/11.3.1/../../../../arm-none-eabi/lib/thumb/v7-m/nofp\libc_nano.a(libc_a-errno.o)
                0x00000000080045bc                __errno
 .text.__libc_init_array
                0x00000000080045c8       0x48 D:/DH/STM32/STM32CubeIDE_1.13.2/STM32CubeIDE/plugins/com.st.stm32cube.ide.mcu.externaltools.gnu-tools-for-stm32.11.3.rel1.win32_1.1.1.202309131626/tools/bin/../lib/gcc/arm-none-eabi/11.3.1/../../../../arm-none-eabi/lib/thumb/v7-m/nofp\libc_nano.a(libc_a-init.o)
                0x00000000080045c8                __libc_init_array
 .text.pow      0x0000000008004610       0xd0 D:/DH/STM32/STM32CubeIDE_1.13.2/STM32CubeIDE/plugins/com.st.stm32cube.ide.mcu.externaltools.gnu-tools-for-stm32.11.3.rel1.win32_1.1.1.202309131626/tools/bin/../lib/gcc/arm-none-eabi/11.3.1/../../../../arm-none-eabi/lib/thumb/v7-m/nofp\libm.a(libm_a-w_pow.o)
                0x0000000008004610                pow
 .text.finite   0x00000000080046e0        0xc D:/DH/STM32/STM32CubeIDE_1.13.2/STM32CubeIDE/plugins/com.st.stm32cube.ide.mcu.externaltools.gnu-tools-for-stm32.11.3.rel1.win32_1.1.1.202309131626/tools/bin/../lib/gcc/arm-none-eabi/11.3.1/../../../../arm-none-eabi/lib/thumb/v7-m/nofp\libm.a(libm_a-s_finite.o)
                0x00000000080046e0                finite
 *fill*         0x00000000080046ec        0x4 
 .text.__ieee754_pow
                0x00000000080046f0      0xa2c D:/DH/STM32/STM32CubeIDE_1.13.2/STM32CubeIDE/plugins/com.st.stm32cube.ide.mcu.externaltools.gnu-tools-for-stm32.11.3.rel1.win32_1.1.1.202309131626/tools/bin/../lib/gcc/arm-none-eabi/11.3.1/../../../../arm-none-eabi/lib/thumb/v7-m/nofp\libm.a(libm_a-e_pow.o)
                0x00000000080046f0                __ieee754_pow
 .text.fabs     0x000000000800511c        0x8 D:/DH/STM32/STM32CubeIDE_1.13.2/STM32CubeIDE/plugins/com.st.stm32cube.ide.mcu.externaltools.gnu-tools-for-stm32.11.3.rel1.win32_1.1.1.202309131626/tools/bin/../lib/gcc/arm-none-eabi/11.3.1/../../../../arm-none-eabi/lib/thumb/v7-m/nofp\libm.a(libm_a-s_fabs.o)
                0x000000000800511c                fabs
 *fill*         0x0000000008005124        0x4 
 .text.scalbn   0x0000000008005128       0xf4 D:/DH/STM32/STM32CubeIDE_1.13.2/STM32CubeIDE/plugins/com.st.stm32cube.ide.mcu.externaltools.gnu-tools-for-stm32.11.3.rel1.win32_1.1.1.202309131626/tools/bin/../lib/gcc/arm-none-eabi/11.3.1/../../../../arm-none-eabi/lib/thumb/v7-m/nofp\libm.a(libm_a-s_scalbn.o)
                0x0000000008005128                scalbn
 .text.with_errno
                0x000000000800521c       0x14 D:/DH/STM32/STM32CubeIDE_1.13.2/STM32CubeIDE/plugins/com.st.stm32cube.ide.mcu.externaltools.gnu-tools-for-stm32.11.3.rel1.win32_1.1.1.202309131626/tools/bin/../lib/gcc/arm-none-eabi/11.3.1/../../../../arm-none-eabi/lib/thumb/v7-m/nofp\libm.a(libm_a-math_err.o)
 .text.xflow    0x0000000008005230       0x30 D:/DH/STM32/STM32CubeIDE_1.13.2/STM32CubeIDE/plugins/com.st.stm32cube.ide.mcu.externaltools.gnu-tools-for-stm32.11.3.rel1.win32_1.1.1.202309131626/tools/bin/../lib/gcc/arm-none-eabi/11.3.1/../../../../arm-none-eabi/lib/thumb/v7-m/nofp\libm.a(libm_a-math_err.o)
 .text.__math_uflow
                0x0000000008005260        0xa D:/DH/STM32/STM32CubeIDE_1.13.2/STM32CubeIDE/plugins/com.st.stm32cube.ide.mcu.externaltools.gnu-tools-for-stm32.11.3.rel1.win32_1.1.1.202309131626/tools/bin/../lib/gcc/arm-none-eabi/11.3.1/../../../../arm-none-eabi/lib/thumb/v7-m/nofp\libm.a(libm_a-math_err.o)
                0x0000000008005260                __math_uflow
 .text.__math_oflow
                0x000000000800526a        0xa D:/DH/STM32/STM32CubeIDE_1.13.2/STM32CubeIDE/plugins/com.st.stm32cube.ide.mcu.externaltools.gnu-tools-for-stm32.11.3.rel1.win32_1.1.1.202309131626/tools/bin/../lib/gcc/arm-none-eabi/11.3.1/../../../../arm-none-eabi/lib/thumb/v7-m/nofp\libm.a(libm_a-math_err.o)
                0x000000000800526a                __math_oflow
 .text.__ieee754_sqrt
                0x0000000008005274      0x1b0 D:/DH/STM32/STM32CubeIDE_1.13.2/STM32CubeIDE/plugins/com.st.stm32cube.ide.mcu.externaltools.gnu-tools-for-stm32.11.3.rel1.win32_1.1.1.202309131626/tools/bin/../lib/gcc/arm-none-eabi/11.3.1/../../../../arm-none-eabi/lib/thumb/v7-m/nofp\libm.a(libm_a-e_sqrt.o)
                0x0000000008005274                __ieee754_sqrt
 *(.glue_7)
 .glue_7        0x0000000008005424        0x0 linker stubs
 *(.glue_7t)
 .glue_7t       0x0000000008005424        0x0 linker stubs
 *(.eh_frame)
 .eh_frame      0x0000000008005424        0x0 D:/DH/STM32/STM32CubeIDE_1.13.2/STM32CubeIDE/plugins/com.st.stm32cube.ide.mcu.externaltools.gnu-tools-for-stm32.11.3.rel1.win32_1.1.1.202309131626/tools/bin/../lib/gcc/arm-none-eabi/11.3.1/thumb/v7-m/nofp/crtbegin.o
 *(.init)
 .init          0x0000000008005424        0x4 D:/DH/STM32/STM32CubeIDE_1.13.2/STM32CubeIDE/plugins/com.st.stm32cube.ide.mcu.externaltools.gnu-tools-for-stm32.11.3.rel1.win32_1.1.1.202309131626/tools/bin/../lib/gcc/arm-none-eabi/11.3.1/thumb/v7-m/nofp/crti.o
                0x0000000008005424                _init
 .init          0x0000000008005428        0x8 D:/DH/STM32/STM32CubeIDE_1.13.2/STM32CubeIDE/plugins/com.st.stm32cube.ide.mcu.externaltools.gnu-tools-for-stm32.11.3.rel1.win32_1.1.1.202309131626/tools/bin/../lib/gcc/arm-none-eabi/11.3.1/thumb/v7-m/nofp/crtn.o
 *(.fini)
 .fini          0x0000000008005430        0x4 D:/DH/STM32/STM32CubeIDE_1.13.2/STM32CubeIDE/plugins/com.st.stm32cube.ide.mcu.externaltools.gnu-tools-for-stm32.11.3.rel1.win32_1.1.1.202309131626/tools/bin/../lib/gcc/arm-none-eabi/11.3.1/thumb/v7-m/nofp/crti.o
                0x0000000008005430                _fini
 .fini          0x0000000008005434        0x8 D:/DH/STM32/STM32CubeIDE_1.13.2/STM32CubeIDE/plugins/com.st.stm32cube.ide.mcu.externaltools.gnu-tools-for-stm32.11.3.rel1.win32_1.1.1.202309131626/tools/bin/../lib/gcc/arm-none-eabi/11.3.1/thumb/v7-m/nofp/crtn.o
                0x000000000800543c                . = ALIGN (0x4)
                0x000000000800543c                _etext = .

.vfp11_veneer   0x000000000800543c        0x0
 .vfp11_veneer  0x000000000800543c        0x0 linker stubs

.v4_bx          0x000000000800543c        0x0
 .v4_bx         0x000000000800543c        0x0 linker stubs

.iplt           0x000000000800543c        0x0
 .iplt          0x000000000800543c        0x0 D:/DH/STM32/STM32CubeIDE_1.13.2/STM32CubeIDE/plugins/com.st.stm32cube.ide.mcu.externaltools.gnu-tools-for-stm32.11.3.rel1.win32_1.1.1.202309131626/tools/bin/../lib/gcc/arm-none-eabi/11.3.1/thumb/v7-m/nofp/crtbegin.o

.rodata         0x0000000008005440       0x48
                0x0000000008005440                . = ALIGN (0x4)
 *(.rodata)
 .rodata        0x0000000008005440        0x1 ./SDK_ROBI_STM32F1_1.0.0/shared/Middle/button/button.o
 *fill*         0x0000000008005441        0x3 
 .rodata        0x0000000008005444        0xf ./SDK_ROBI_STM32F1_1.0.0/shared/Middle/motor/encoder.o
 *(.rodata*)
 *fill*         0x0000000008005453        0x5 
 .rodata.bp     0x0000000008005458       0x10 D:/DH/STM32/STM32CubeIDE_1.13.2/STM32CubeIDE/plugins/com.st.stm32cube.ide.mcu.externaltools.gnu-tools-for-stm32.11.3.rel1.win32_1.1.1.202309131626/tools/bin/../lib/gcc/arm-none-eabi/11.3.1/../../../../arm-none-eabi/lib/thumb/v7-m/nofp\libm.a(libm_a-e_pow.o)
 .rodata.dp_h   0x0000000008005468       0x10 D:/DH/STM32/STM32CubeIDE_1.13.2/STM32CubeIDE/plugins/com.st.stm32cube.ide.mcu.externaltools.gnu-tools-for-stm32.11.3.rel1.win32_1.1.1.202309131626/tools/bin/../lib/gcc/arm-none-eabi/11.3.1/../../../../arm-none-eabi/lib/thumb/v7-m/nofp\libm.a(libm_a-e_pow.o)
 .rodata.dp_l   0x0000000008005478       0x10 D:/DH/STM32/STM32CubeIDE_1.13.2/STM32CubeIDE/plugins/com.st.stm32cube.ide.mcu.externaltools.gnu-tools-for-stm32.11.3.rel1.win32_1.1.1.202309131626/tools/bin/../lib/gcc/arm-none-eabi/11.3.1/../../../../arm-none-eabi/lib/thumb/v7-m/nofp\libm.a(libm_a-e_pow.o)
                0x0000000008005488                . = ALIGN (0x4)

.rel.dyn        0x0000000008005488        0x0
 .rel.iplt      0x0000000008005488        0x0 D:/DH/STM32/STM32CubeIDE_1.13.2/STM32CubeIDE/plugins/com.st.stm32cube.ide.mcu.externaltools.gnu-tools-for-stm32.11.3.rel1.win32_1.1.1.202309131626/tools/bin/../lib/gcc/arm-none-eabi/11.3.1/thumb/v7-m/nofp/crtbegin.o

.ARM.extab      0x0000000008005488        0x0
                0x0000000008005488                . = ALIGN (0x4)
 *(.ARM.extab* .gnu.linkonce.armextab.*)
                0x0000000008005488                . = ALIGN (0x4)

.ARM            0x0000000008005488        0x0
                0x0000000008005488                . = ALIGN (0x4)
                0x0000000008005488                __exidx_start = .
 *(.ARM.exidx*)
                0x0000000008005488                __exidx_end = .
                0x0000000008005488                . = ALIGN (0x4)

.preinit_array  0x0000000008005488        0x0
                0x0000000008005488                . = ALIGN (0x4)
                0x0000000008005488                PROVIDE (__preinit_array_start = .)
 *(.preinit_array*)
                0x0000000008005488                PROVIDE (__preinit_array_end = .)
                0x0000000008005488                . = ALIGN (0x4)

.init_array     0x0000000008005488        0x4
                0x0000000008005488                . = ALIGN (0x4)
                0x0000000008005488                PROVIDE (__init_array_start = .)
 *(SORT_BY_NAME(.init_array.*))
 *(.init_array*)
 .init_array    0x0000000008005488        0x4 D:/DH/STM32/STM32CubeIDE_1.13.2/STM32CubeIDE/plugins/com.st.stm32cube.ide.mcu.externaltools.gnu-tools-for-stm32.11.3.rel1.win32_1.1.1.202309131626/tools/bin/../lib/gcc/arm-none-eabi/11.3.1/thumb/v7-m/nofp/crtbegin.o
                0x000000000800548c                PROVIDE (__init_array_end = .)
                0x000000000800548c                . = ALIGN (0x4)

.fini_array     0x000000000800548c        0x4
                0x000000000800548c                . = ALIGN (0x4)
                [!provide]                        PROVIDE (__fini_array_start = .)
 *(SORT_BY_NAME(.fini_array.*))
 *(.fini_array*)
 .fini_array    0x000000000800548c        0x4 D:/DH/STM32/STM32CubeIDE_1.13.2/STM32CubeIDE/plugins/com.st.stm32cube.ide.mcu.externaltools.gnu-tools-for-stm32.11.3.rel1.win32_1.1.1.202309131626/tools/bin/../lib/gcc/arm-none-eabi/11.3.1/thumb/v7-m/nofp/crtbegin.o
                [!provide]                        PROVIDE (__fini_array_end = .)
                0x0000000008005490                . = ALIGN (0x4)
                0x0000000008005490                _sidata = LOADADDR (.data)

.data           0x0000000020000000       0xd0 load address 0x0000000008005490
                0x0000000020000000                . = ALIGN (0x4)
                0x0000000020000000                _sdata = .
 *(.data)
 *(.data*)
 .data.SystemCoreClock
                0x0000000020000000        0x4 ./SDK_ROBI_STM32F1_1.0.0/shared/Drivers/CMSIS/Source/system_stm32f10x.o
                0x0000000020000000                SystemCoreClock
 .data.AHBPrescTable
                0x0000000020000004       0x10 ./SDK_ROBI_STM32F1_1.0.0/shared/Drivers/CMSIS/Source/system_stm32f10x.o
                0x0000000020000004                AHBPrescTable
 .data.APBAHBPrescTable
                0x0000000020000014       0x10 ./SDK_ROBI_STM32F1_1.0.0/shared/Drivers/STM32F10x_StdPeriph_Driver/src/stm32f10x_rcc.o
 .data.ADCPrescTable
                0x0000000020000024        0x4 ./SDK_ROBI_STM32F1_1.0.0/shared/Drivers/STM32F10x_StdPeriph_Driver/src/stm32f10x_rcc.o
 .data.pinBtnPad
                0x0000000020000028       0x20 ./SDK_ROBI_STM32F1_1.0.0/shared/Middle/button/button.o
 .data.State    0x0000000020000048       0x10 ./SDK_ROBI_STM32F1_1.0.0/shared/Middle/motor/encoder.o
                0x0000000020000048                State
 .data.idTimerScanSpeed
                0x0000000020000058        0x1 ./SDK_ROBI_STM32F1_1.0.0/shared/Middle/motor/encoder.o
 *fill*         0x0000000020000059        0x3 
 .data.AdcValuesThreshold
                0x000000002000005c        0xa ./SDK_ROBI_STM32F1_1.0.0/shared/Middle/motor/pid.o
                0x000000002000005c                AdcValuesThreshold
 *fill*         0x0000000020000066        0x2 
 .data.lfspeed  0x0000000020000068        0x4 ./SDK_ROBI_STM32F1_1.0.0/shared/Middle/motor/pid.o
                0x0000000020000068                lfspeed
 .data.statePID
                0x000000002000006c        0x1 ./Src/main.o
                0x000000002000006c                statePID
 .data.ledBuff  0x000000002000006d        0x1 ./Src/main.o
                0x000000002000006d                ledBuff
 *fill*         0x000000002000006e        0x2 
 .data._impure_data
                0x0000000020000070       0x4c D:/DH/STM32/STM32CubeIDE_1.13.2/STM32CubeIDE/plugins/com.st.stm32cube.ide.mcu.externaltools.gnu-tools-for-stm32.11.3.rel1.win32_1.1.1.202309131626/tools/bin/../lib/gcc/arm-none-eabi/11.3.1/../../../../arm-none-eabi/lib/thumb/v7-m/nofp\libc_nano.a(libc_a-impure.o)
                0x0000000020000070                _impure_data
 .data._impure_ptr
                0x00000000200000bc        0x4 D:/DH/STM32/STM32CubeIDE_1.13.2/STM32CubeIDE/plugins/com.st.stm32cube.ide.mcu.externaltools.gnu-tools-for-stm32.11.3.rel1.win32_1.1.1.202309131626/tools/bin/../lib/gcc/arm-none-eabi/11.3.1/../../../../arm-none-eabi/lib/thumb/v7-m/nofp\libc_nano.a(libc_a-impure.o)
                0x00000000200000bc                _impure_ptr
 .data.one      0x00000000200000c0        0x8 D:/DH/STM32/STM32CubeIDE_1.13.2/STM32CubeIDE/plugins/com.st.stm32cube.ide.mcu.externaltools.gnu-tools-for-stm32.11.3.rel1.win32_1.1.1.202309131626/tools/bin/../lib/gcc/arm-none-eabi/11.3.1/../../../../arm-none-eabi/lib/thumb/v7-m/nofp\libm.a(libm_a-e_sqrt.o)
 .data.tiny     0x00000000200000c8        0x8 D:/DH/STM32/STM32CubeIDE_1.13.2/STM32CubeIDE/plugins/com.st.stm32cube.ide.mcu.externaltools.gnu-tools-for-stm32.11.3.rel1.win32_1.1.1.202309131626/tools/bin/../lib/gcc/arm-none-eabi/11.3.1/../../../../arm-none-eabi/lib/thumb/v7-m/nofp\libm.a(libm_a-e_sqrt.o)
 *(.RamFunc)
 *(.RamFunc*)
                0x00000000200000d0                . = ALIGN (0x4)
                0x00000000200000d0                _edata = .

.igot.plt       0x00000000200000d0        0x0 load address 0x0000000008005560
 .igot.plt      0x00000000200000d0        0x0 D:/DH/STM32/STM32CubeIDE_1.13.2/STM32CubeIDE/plugins/com.st.stm32cube.ide.mcu.externaltools.gnu-tools-for-stm32.11.3.rel1.win32_1.1.1.202309131626/tools/bin/../lib/gcc/arm-none-eabi/11.3.1/thumb/v7-m/nofp/crtbegin.o
                0x00000000200000d0                . = ALIGN (0x4)

.bss            0x00000000200000d0      0x5f0 load address 0x0000000008005560
                0x00000000200000d0                _sbss = .
                0x00000000200000d0                __bss_start__ = _sbss
 *(.bss)
 .bss           0x00000000200000d0       0x1c D:/DH/STM32/STM32CubeIDE_1.13.2/STM32CubeIDE/plugins/com.st.stm32cube.ide.mcu.externaltools.gnu-tools-for-stm32.11.3.rel1.win32_1.1.1.202309131626/tools/bin/../lib/gcc/arm-none-eabi/11.3.1/thumb/v7-m/nofp/crtbegin.o
 *(.bss*)
 .bss.kpad      0x00000000200000ec       0x50 ./SDK_ROBI_STM32F1_1.0.0/shared/Middle/button/button.o
 .bss.pEventCallbacks
                0x000000002000013c       0x10 ./SDK_ROBI_STM32F1_1.0.0/shared/Middle/button/button.o
 .bss.bBuzzInit
                0x000000002000014c        0x1 ./SDK_ROBI_STM32F1_1.0.0/shared/Middle/buzzer/buzzer.o
 .bss.g_brightnessLed
                0x000000002000014d        0x1 ./SDK_ROBI_STM32F1_1.0.0/shared/Middle/led/led.o
 .bss.EncoderM1_Val
                0x000000002000014e        0x1 ./SDK_ROBI_STM32F1_1.0.0/shared/Middle/motor/encoder.o
                0x000000002000014e                EncoderM1_Val
 .bss.EncoderM2_Val
                0x000000002000014f        0x1 ./SDK_ROBI_STM32F1_1.0.0/shared/Middle/motor/encoder.o
                0x000000002000014f                EncoderM2_Val
 .bss.encoderM1_temp
                0x0000000020000150        0x4 ./SDK_ROBI_STM32F1_1.0.0/shared/Middle/motor/encoder.o
                0x0000000020000150                encoderM1_temp
 .bss.encoderM2_temp
                0x0000000020000154        0x4 ./SDK_ROBI_STM32F1_1.0.0/shared/Middle/motor/encoder.o
                0x0000000020000154                encoderM2_temp
 .bss.SpeedM1_1ms
                0x0000000020000158        0x4 ./SDK_ROBI_STM32F1_1.0.0/shared/Middle/motor/encoder.o
                0x0000000020000158                SpeedM1_1ms
 .bss.SpeedM2_1ms
                0x000000002000015c        0x4 ./SDK_ROBI_STM32F1_1.0.0/shared/Middle/motor/encoder.o
                0x000000002000015c                SpeedM2_1ms
 .bss.count     0x0000000020000160        0x2 ./SDK_ROBI_STM32F1_1.0.0/shared/Middle/motor/encoder.o
 *fill*         0x0000000020000162        0x2 
 .bss.encoderM1_speed
                0x0000000020000164        0x4 ./SDK_ROBI_STM32F1_1.0.0/shared/Middle/motor/encoder.o
                0x0000000020000164                encoderM1_speed
 .bss.encoderM2_speed
                0x0000000020000168        0x4 ./SDK_ROBI_STM32F1_1.0.0/shared/Middle/motor/encoder.o
                0x0000000020000168                encoderM2_speed
 .bss.stateEncoder
                0x000000002000016c        0x1 ./SDK_ROBI_STM32F1_1.0.0/shared/Middle/motor/encoder.o
                0x000000002000016c                stateEncoder
 *fill*         0x000000002000016d        0x3 
 .bss.P         0x0000000020000170        0x4 ./SDK_ROBI_STM32F1_1.0.0/shared/Middle/motor/pid.o
                0x0000000020000170                P
 .bss.I         0x0000000020000174        0x4 ./SDK_ROBI_STM32F1_1.0.0/shared/Middle/motor/pid.o
                0x0000000020000174                I
 .bss.D         0x0000000020000178        0x4 ./SDK_ROBI_STM32F1_1.0.0/shared/Middle/motor/pid.o
                0x0000000020000178                D
 .bss.previousError
                0x000000002000017c        0x4 ./SDK_ROBI_STM32F1_1.0.0/shared/Middle/motor/pid.o
                0x000000002000017c                previousError
 .bss.PIDvalue  0x0000000020000180        0x4 ./SDK_ROBI_STM32F1_1.0.0/shared/Middle/motor/pid.o
                0x0000000020000180                PIDvalue
 .bss.Kp        0x0000000020000184        0x4 ./SDK_ROBI_STM32F1_1.0.0/shared/Middle/motor/pid.o
                0x0000000020000184                Kp
 .bss.Ki        0x0000000020000188        0x4 ./SDK_ROBI_STM32F1_1.0.0/shared/Middle/motor/pid.o
                0x0000000020000188                Ki
 .bss.Kd        0x000000002000018c        0x4 ./SDK_ROBI_STM32F1_1.0.0/shared/Middle/motor/pid.o
                0x000000002000018c                Kd
 .bss.lsp       0x0000000020000190        0x4 ./SDK_ROBI_STM32F1_1.0.0/shared/Middle/motor/pid.o
                0x0000000020000190                lsp
 .bss.rsp       0x0000000020000194        0x4 ./SDK_ROBI_STM32F1_1.0.0/shared/Middle/motor/pid.o
                0x0000000020000194                rsp
 .bss.lastCheckInline
                0x0000000020000198        0x4 ./SDK_ROBI_STM32F1_1.0.0/shared/Middle/motor/pid.o
                0x0000000020000198                lastCheckInline
 .bss.lastCheckInline2
                0x000000002000019c        0x4 ./SDK_ROBI_STM32F1_1.0.0/shared/Middle/motor/pid.o
                0x000000002000019c                lastCheckInline2
 .bss.lastCheckInline3
                0x00000000200001a0        0x4 ./SDK_ROBI_STM32F1_1.0.0/shared/Middle/motor/pid.o
                0x00000000200001a0                lastCheckInline3
 .bss.count     0x00000000200001a4        0x4 ./SDK_ROBI_STM32F1_1.0.0/shared/Middle/motor/pid.o
                0x00000000200001a4                count
 .bss.pAppStateFunc
                0x00000000200001a8        0x4 ./SDK_ROBI_STM32F1_1.0.0/shared/Middle/rtos/eventman.o
 .bss.pBuffEvent
                0x00000000200001ac      0x100 ./SDK_ROBI_STM32F1_1.0.0/shared/Middle/rtos/eventman.o
 .bss.eventQueue
                0x00000000200002ac       0x10 ./SDK_ROBI_STM32F1_1.0.0/shared/Middle/rtos/eventman.o
 .bss.g_pTimerHandle
                0x00000000200002bc      0x180 ./SDK_ROBI_STM32F1_1.0.0/shared/Middle/rtos/timer.o
 .bss.g_wMilSecTickTimer
                0x000000002000043c        0x4 ./SDK_ROBI_STM32F1_1.0.0/shared/Middle/rtos/timer.o
 .bss.ADCConvertedValue
                0x0000000020000440        0xa ./SDK_ROBI_STM32F1_1.0.0/shared/Middle/sensor/optical_sensor.o
 *fill*         0x000000002000044a        0x2 
 .bss.AdcValues_White
                0x000000002000044c        0xa ./SDK_ROBI_STM32F1_1.0.0/shared/Middle/sensor/optical_sensor.o
                0x000000002000044c                AdcValues_White
 *fill*         0x0000000020000456        0x2 
 .bss.AdcValues_Black
                0x0000000020000458        0xa ./SDK_ROBI_STM32F1_1.0.0/shared/Middle/sensor/optical_sensor.o
                0x0000000020000458                AdcValues_Black
 .bss.byRxBufState
                0x0000000020000462        0x1 ./SDK_ROBI_STM32F1_1.0.0/shared/Middle/serial/serial.o
 *fill*         0x0000000020000463        0x1 
 .bss.byReceiverData
                0x0000000020000464        0x2 ./SDK_ROBI_STM32F1_1.0.0/shared/Middle/serial/serial.o
                0x0000000020000464                byReceiverData
 *fill*         0x0000000020000466        0x2 
 .bss.serialQueueRx
                0x0000000020000468       0x10 ./SDK_ROBI_STM32F1_1.0.0/shared/Middle/serial/serial.o
 .bss.pBuffDataRx
                0x0000000020000478      0x100 ./SDK_ROBI_STM32F1_1.0.0/shared/Middle/serial/serial.o
 .bss.g_pUartQueueRx
                0x0000000020000578        0x4 ./SDK_ROBI_STM32F1_1.0.0/shared/Middle/serial/serial.o
 .bss.eCurrentState
                0x000000002000057c        0x1 ./Src/main.o
 *fill*         0x000000002000057d        0x3 
 .bss.TimeStart
                0x0000000020000580        0x4 ./Src/main.o
                0x0000000020000580                TimeStart
 .bss.timebuff  0x0000000020000584        0x4 ./Src/main.o
                0x0000000020000584                timebuff
 .bss.__sf      0x0000000020000588      0x138 D:/DH/STM32/STM32CubeIDE_1.13.2/STM32CubeIDE/plugins/com.st.stm32cube.ide.mcu.externaltools.gnu-tools-for-stm32.11.3.rel1.win32_1.1.1.202309131626/tools/bin/../lib/gcc/arm-none-eabi/11.3.1/../../../../arm-none-eabi/lib/thumb/v7-m/nofp\libc_nano.a(libc_a-findfp.o)
                0x0000000020000588                __sf
 *(COMMON)
                0x00000000200006c0                . = ALIGN (0x4)
                0x00000000200006c0                _ebss = .
                0x00000000200006c0                __bss_end__ = _ebss

._user_heap_stack
                0x00000000200006c0      0x600 load address 0x0000000008005560
                0x00000000200006c0                . = ALIGN (0x8)
                [!provide]                        PROVIDE (end = .)
                0x00000000200006c0                PROVIDE (_end = .)
                0x00000000200008c0                . = (. + _Min_Heap_Size)
 *fill*         0x00000000200006c0      0x200 
                0x0000000020000cc0                . = (. + _Min_Stack_Size)
 *fill*         0x00000000200008c0      0x400 
                0x0000000020000cc0                . = ALIGN (0x8)

/DISCARD/
 libc.a(*)
 libm.a(*)
 libgcc.a(*)

.ARM.attributes
                0x0000000000000000       0x29
 *(.ARM.attributes)
 .ARM.attributes
                0x0000000000000000       0x1d D:/DH/STM32/STM32CubeIDE_1.13.2/STM32CubeIDE/plugins/com.st.stm32cube.ide.mcu.externaltools.gnu-tools-for-stm32.11.3.rel1.win32_1.1.1.202309131626/tools/bin/../lib/gcc/arm-none-eabi/11.3.1/thumb/v7-m/nofp/crti.o
 .ARM.attributes
                0x000000000000001d       0x2d D:/DH/STM32/STM32CubeIDE_1.13.2/STM32CubeIDE/plugins/com.st.stm32cube.ide.mcu.externaltools.gnu-tools-for-stm32.11.3.rel1.win32_1.1.1.202309131626/tools/bin/../lib/gcc/arm-none-eabi/11.3.1/thumb/v7-m/nofp/crtbegin.o
 .ARM.attributes
                0x000000000000004a       0x2d ./SDK_ROBI_STM32F1_1.0.0/shared/Drivers/CMSIS/Source/system_stm32f10x.o
 .ARM.attributes
                0x0000000000000077       0x2d ./SDK_ROBI_STM32F1_1.0.0/shared/Drivers/STM32F10x_StdPeriph_Driver/src/misc.o
 .ARM.attributes
                0x00000000000000a4       0x2d ./SDK_ROBI_STM32F1_1.0.0/shared/Drivers/STM32F10x_StdPeriph_Driver/src/stm32f10x_adc.o
 .ARM.attributes
                0x00000000000000d1       0x2d ./SDK_ROBI_STM32F1_1.0.0/shared/Drivers/STM32F10x_StdPeriph_Driver/src/stm32f10x_dma.o
 .ARM.attributes
                0x00000000000000fe       0x2d ./SDK_ROBI_STM32F1_1.0.0/shared/Drivers/STM32F10x_StdPeriph_Driver/src/stm32f10x_exti.o
 .ARM.attributes
                0x000000000000012b       0x2d ./SDK_ROBI_STM32F1_1.0.0/shared/Drivers/STM32F10x_StdPeriph_Driver/src/stm32f10x_gpio.o
 .ARM.attributes
                0x0000000000000158       0x2d ./SDK_ROBI_STM32F1_1.0.0/shared/Drivers/STM32F10x_StdPeriph_Driver/src/stm32f10x_rcc.o
 .ARM.attributes
                0x0000000000000185       0x2d ./SDK_ROBI_STM32F1_1.0.0/shared/Drivers/STM32F10x_StdPeriph_Driver/src/stm32f10x_tim.o
 .ARM.attributes
                0x00000000000001b2       0x2d ./SDK_ROBI_STM32F1_1.0.0/shared/Drivers/STM32F10x_StdPeriph_Driver/src/stm32f10x_usart.o
 .ARM.attributes
                0x00000000000001df       0x2d ./SDK_ROBI_STM32F1_1.0.0/shared/Middle/button/button.o
 .ARM.attributes
                0x000000000000020c       0x2d ./SDK_ROBI_STM32F1_1.0.0/shared/Middle/button/eventbutton.o
 .ARM.attributes
                0x0000000000000239       0x2d ./SDK_ROBI_STM32F1_1.0.0/shared/Middle/buzzer/buzzer.o
 .ARM.attributes
                0x0000000000000266       0x2d ./SDK_ROBI_STM32F1_1.0.0/shared/Middle/led/led.o
 .ARM.attributes
                0x0000000000000293       0x2d ./SDK_ROBI_STM32F1_1.0.0/shared/Middle/motor/encoder.o
 .ARM.attributes
                0x00000000000002c0       0x2d ./SDK_ROBI_STM32F1_1.0.0/shared/Middle/motor/motor.o
 .ARM.attributes
                0x00000000000002ed       0x2d ./SDK_ROBI_STM32F1_1.0.0/shared/Middle/motor/pid.o
 .ARM.attributes
                0x000000000000031a       0x2d ./SDK_ROBI_STM32F1_1.0.0/shared/Middle/rtos/eventman.o
 .ARM.attributes
                0x0000000000000347       0x2d ./SDK_ROBI_STM32F1_1.0.0/shared/Middle/rtos/timer.o
 .ARM.attributes
                0x0000000000000374       0x2d ./SDK_ROBI_STM32F1_1.0.0/shared/Middle/sensor/optical_sensor.o
 .ARM.attributes
                0x00000000000003a1       0x2d ./SDK_ROBI_STM32F1_1.0.0/shared/Middle/serial/serial.o
 .ARM.attributes
                0x00000000000003ce       0x2d ./SDK_ROBI_STM32F1_1.0.0/shared/Utilities/buff.o
 .ARM.attributes
                0x00000000000003fb       0x2d ./SDK_ROBI_STM32F1_1.0.0/shared/Utilities/utilities.o
 .ARM.attributes
                0x0000000000000428       0x2d ./Src/main.o
 .ARM.attributes
                0x0000000000000455       0x21 ./Startup/startup_stm32f103c8tx.o
 .ARM.attributes
                0x0000000000000476       0x2d D:/DH/STM32/STM32CubeIDE_1.13.2/STM32CubeIDE/plugins/com.st.stm32cube.ide.mcu.externaltools.gnu-tools-for-stm32.11.3.rel1.win32_1.1.1.202309131626/tools/bin/../lib/gcc/arm-none-eabi/11.3.1/../../../../arm-none-eabi/lib/thumb/v7-m/nofp\libc_nano.a(libc_a-findfp.o)
 .ARM.attributes
                0x00000000000004a3       0x2d D:/DH/STM32/STM32CubeIDE_1.13.2/STM32CubeIDE/plugins/com.st.stm32cube.ide.mcu.externaltools.gnu-tools-for-stm32.11.3.rel1.win32_1.1.1.202309131626/tools/bin/../lib/gcc/arm-none-eabi/11.3.1/../../../../arm-none-eabi/lib/thumb/v7-m/nofp\libc_nano.a(libc_a-impure.o)
 .ARM.attributes
                0x00000000000004d0       0x2d D:/DH/STM32/STM32CubeIDE_1.13.2/STM32CubeIDE/plugins/com.st.stm32cube.ide.mcu.externaltools.gnu-tools-for-stm32.11.3.rel1.win32_1.1.1.202309131626/tools/bin/../lib/gcc/arm-none-eabi/11.3.1/../../../../arm-none-eabi/lib/thumb/v7-m/nofp\libc_nano.a(libc_a-errno.o)
 .ARM.attributes
                0x00000000000004fd       0x2d D:/DH/STM32/STM32CubeIDE_1.13.2/STM32CubeIDE/plugins/com.st.stm32cube.ide.mcu.externaltools.gnu-tools-for-stm32.11.3.rel1.win32_1.1.1.202309131626/tools/bin/../lib/gcc/arm-none-eabi/11.3.1/../../../../arm-none-eabi/lib/thumb/v7-m/nofp\libc_nano.a(libc_a-init.o)
 .ARM.attributes
                0x000000000000052a       0x2d D:/DH/STM32/STM32CubeIDE_1.13.2/STM32CubeIDE/plugins/com.st.stm32cube.ide.mcu.externaltools.gnu-tools-for-stm32.11.3.rel1.win32_1.1.1.202309131626/tools/bin/../lib/gcc/arm-none-eabi/11.3.1/../../../../arm-none-eabi/lib/thumb/v7-m/nofp\libm.a(libm_a-w_pow.o)
 .ARM.attributes
                0x0000000000000557       0x2d D:/DH/STM32/STM32CubeIDE_1.13.2/STM32CubeIDE/plugins/com.st.stm32cube.ide.mcu.externaltools.gnu-tools-for-stm32.11.3.rel1.win32_1.1.1.202309131626/tools/bin/../lib/gcc/arm-none-eabi/11.3.1/../../../../arm-none-eabi/lib/thumb/v7-m/nofp\libm.a(libm_a-s_finite.o)
 .ARM.attributes
                0x0000000000000584       0x2d D:/DH/STM32/STM32CubeIDE_1.13.2/STM32CubeIDE/plugins/com.st.stm32cube.ide.mcu.externaltools.gnu-tools-for-stm32.11.3.rel1.win32_1.1.1.202309131626/tools/bin/../lib/gcc/arm-none-eabi/11.3.1/../../../../arm-none-eabi/lib/thumb/v7-m/nofp\libm.a(libm_a-e_pow.o)
 .ARM.attributes
                0x00000000000005b1       0x2d D:/DH/STM32/STM32CubeIDE_1.13.2/STM32CubeIDE/plugins/com.st.stm32cube.ide.mcu.externaltools.gnu-tools-for-stm32.11.3.rel1.win32_1.1.1.202309131626/tools/bin/../lib/gcc/arm-none-eabi/11.3.1/../../../../arm-none-eabi/lib/thumb/v7-m/nofp\libm.a(libm_a-s_fabs.o)
 .ARM.attributes
                0x00000000000005de       0x2d D:/DH/STM32/STM32CubeIDE_1.13.2/STM32CubeIDE/plugins/com.st.stm32cube.ide.mcu.externaltools.gnu-tools-for-stm32.11.3.rel1.win32_1.1.1.202309131626/tools/bin/../lib/gcc/arm-none-eabi/11.3.1/../../../../arm-none-eabi/lib/thumb/v7-m/nofp\libm.a(libm_a-s_scalbn.o)
 .ARM.attributes
                0x000000000000060b       0x2d D:/DH/STM32/STM32CubeIDE_1.13.2/STM32CubeIDE/plugins/com.st.stm32cube.ide.mcu.externaltools.gnu-tools-for-stm32.11.3.rel1.win32_1.1.1.202309131626/tools/bin/../lib/gcc/arm-none-eabi/11.3.1/../../../../arm-none-eabi/lib/thumb/v7-m/nofp\libm.a(libm_a-math_err.o)
 .ARM.attributes
                0x0000000000000638       0x2d D:/DH/STM32/STM32CubeIDE_1.13.2/STM32CubeIDE/plugins/com.st.stm32cube.ide.mcu.externaltools.gnu-tools-for-stm32.11.3.rel1.win32_1.1.1.202309131626/tools/bin/../lib/gcc/arm-none-eabi/11.3.1/../../../../arm-none-eabi/lib/thumb/v7-m/nofp\libm.a(libm_a-e_sqrt.o)
 .ARM.attributes
                0x0000000000000665       0x1d D:/DH/STM32/STM32CubeIDE_1.13.2/STM32CubeIDE/plugins/com.st.stm32cube.ide.mcu.externaltools.gnu-tools-for-stm32.11.3.rel1.win32_1.1.1.202309131626/tools/bin/../lib/gcc/arm-none-eabi/11.3.1/thumb/v7-m/nofp\libgcc.a(_arm_mulsf3.o)
 .ARM.attributes
                0x0000000000000682       0x1d D:/DH/STM32/STM32CubeIDE_1.13.2/STM32CubeIDE/plugins/com.st.stm32cube.ide.mcu.externaltools.gnu-tools-for-stm32.11.3.rel1.win32_1.1.1.202309131626/tools/bin/../lib/gcc/arm-none-eabi/11.3.1/thumb/v7-m/nofp\libgcc.a(_arm_addsubdf3.o)
 .ARM.attributes
                0x000000000000069f       0x1d D:/DH/STM32/STM32CubeIDE_1.13.2/STM32CubeIDE/plugins/com.st.stm32cube.ide.mcu.externaltools.gnu-tools-for-stm32.11.3.rel1.win32_1.1.1.202309131626/tools/bin/../lib/gcc/arm-none-eabi/11.3.1/thumb/v7-m/nofp\libgcc.a(_arm_muldivdf3.o)
 .ARM.attributes
                0x00000000000006bc       0x1d D:/DH/STM32/STM32CubeIDE_1.13.2/STM32CubeIDE/plugins/com.st.stm32cube.ide.mcu.externaltools.gnu-tools-for-stm32.11.3.rel1.win32_1.1.1.202309131626/tools/bin/../lib/gcc/arm-none-eabi/11.3.1/thumb/v7-m/nofp\libgcc.a(_arm_cmpdf2.o)
 .ARM.attributes
                0x00000000000006d9       0x1d D:/DH/STM32/STM32CubeIDE_1.13.2/STM32CubeIDE/plugins/com.st.stm32cube.ide.mcu.externaltools.gnu-tools-for-stm32.11.3.rel1.win32_1.1.1.202309131626/tools/bin/../lib/gcc/arm-none-eabi/11.3.1/thumb/v7-m/nofp\libgcc.a(_arm_unorddf2.o)
 .ARM.attributes
                0x00000000000006f6       0x1d D:/DH/STM32/STM32CubeIDE_1.13.2/STM32CubeIDE/plugins/com.st.stm32cube.ide.mcu.externaltools.gnu-tools-for-stm32.11.3.rel1.win32_1.1.1.202309131626/tools/bin/../lib/gcc/arm-none-eabi/11.3.1/thumb/v7-m/nofp\libgcc.a(_arm_fixdfsi.o)
 .ARM.attributes
                0x0000000000000713       0x1d D:/DH/STM32/STM32CubeIDE_1.13.2/STM32CubeIDE/plugins/com.st.stm32cube.ide.mcu.externaltools.gnu-tools-for-stm32.11.3.rel1.win32_1.1.1.202309131626/tools/bin/../lib/gcc/arm-none-eabi/11.3.1/thumb/v7-m/nofp\libgcc.a(_arm_truncdfsf2.o)
 .ARM.attributes
                0x0000000000000730       0x1d D:/DH/STM32/STM32CubeIDE_1.13.2/STM32CubeIDE/plugins/com.st.stm32cube.ide.mcu.externaltools.gnu-tools-for-stm32.11.3.rel1.win32_1.1.1.202309131626/tools/bin/../lib/gcc/arm-none-eabi/11.3.1/thumb/v7-m/nofp\libgcc.a(_arm_addsubsf3.o)
 .ARM.attributes
                0x000000000000074d       0x1d D:/DH/STM32/STM32CubeIDE_1.13.2/STM32CubeIDE/plugins/com.st.stm32cube.ide.mcu.externaltools.gnu-tools-for-stm32.11.3.rel1.win32_1.1.1.202309131626/tools/bin/../lib/gcc/arm-none-eabi/11.3.1/thumb/v7-m/nofp\libgcc.a(_arm_fixsfsi.o)
 .ARM.attributes
                0x000000000000076a       0x1d D:/DH/STM32/STM32CubeIDE_1.13.2/STM32CubeIDE/plugins/com.st.stm32cube.ide.mcu.externaltools.gnu-tools-for-stm32.11.3.rel1.win32_1.1.1.202309131626/tools/bin/../lib/gcc/arm-none-eabi/11.3.1/thumb/v7-m/nofp/crtn.o
OUTPUT(ROBI_BEVA_V2.0.elf elf32-littlearm)
LOAD linker stubs
LOAD D:/DH/STM32/STM32CubeIDE_1.13.2/STM32CubeIDE/plugins/com.st.stm32cube.ide.mcu.externaltools.gnu-tools-for-stm32.11.3.rel1.win32_1.1.1.202309131626/tools/bin/../lib/gcc/arm-none-eabi/11.3.1/../../../../arm-none-eabi/lib/thumb/v7-m/nofp\libc.a
LOAD D:/DH/STM32/STM32CubeIDE_1.13.2/STM32CubeIDE/plugins/com.st.stm32cube.ide.mcu.externaltools.gnu-tools-for-stm32.11.3.rel1.win32_1.1.1.202309131626/tools/bin/../lib/gcc/arm-none-eabi/11.3.1/../../../../arm-none-eabi/lib/thumb/v7-m/nofp\libm.a
LOAD D:/DH/STM32/STM32CubeIDE_1.13.2/STM32CubeIDE/plugins/com.st.stm32cube.ide.mcu.externaltools.gnu-tools-for-stm32.11.3.rel1.win32_1.1.1.202309131626/tools/bin/../lib/gcc/arm-none-eabi/11.3.1/thumb/v7-m/nofp\libgcc.a

.comment        0x0000000000000000       0x43
 .comment       0x0000000000000000       0x43 D:/DH/STM32/STM32CubeIDE_1.13.2/STM32CubeIDE/plugins/com.st.stm32cube.ide.mcu.externaltools.gnu-tools-for-stm32.11.3.rel1.win32_1.1.1.202309131626/tools/bin/../lib/gcc/arm-none-eabi/11.3.1/thumb/v7-m/nofp/crtbegin.o
                                         0x44 (size before relaxing)
 .comment       0x0000000000000043       0x44 ./SDK_ROBI_STM32F1_1.0.0/shared/Drivers/CMSIS/Source/system_stm32f10x.o
 .comment       0x0000000000000043       0x44 ./SDK_ROBI_STM32F1_1.0.0/shared/Drivers/STM32F10x_StdPeriph_Driver/src/misc.o
 .comment       0x0000000000000043       0x44 ./SDK_ROBI_STM32F1_1.0.0/shared/Drivers/STM32F10x_StdPeriph_Driver/src/stm32f10x_adc.o
 .comment       0x0000000000000043       0x44 ./SDK_ROBI_STM32F1_1.0.0/shared/Drivers/STM32F10x_StdPeriph_Driver/src/stm32f10x_dma.o
 .comment       0x0000000000000043       0x44 ./SDK_ROBI_STM32F1_1.0.0/shared/Drivers/STM32F10x_StdPeriph_Driver/src/stm32f10x_exti.o
 .comment       0x0000000000000043       0x44 ./SDK_ROBI_STM32F1_1.0.0/shared/Drivers/STM32F10x_StdPeriph_Driver/src/stm32f10x_gpio.o
 .comment       0x0000000000000043       0x44 ./SDK_ROBI_STM32F1_1.0.0/shared/Drivers/STM32F10x_StdPeriph_Driver/src/stm32f10x_rcc.o
 .comment       0x0000000000000043       0x44 ./SDK_ROBI_STM32F1_1.0.0/shared/Drivers/STM32F10x_StdPeriph_Driver/src/stm32f10x_tim.o
 .comment       0x0000000000000043       0x44 ./SDK_ROBI_STM32F1_1.0.0/shared/Drivers/STM32F10x_StdPeriph_Driver/src/stm32f10x_usart.o
 .comment       0x0000000000000043       0x44 ./SDK_ROBI_STM32F1_1.0.0/shared/Middle/button/button.o
 .comment       0x0000000000000043       0x44 ./SDK_ROBI_STM32F1_1.0.0/shared/Middle/button/eventbutton.o
 .comment       0x0000000000000043       0x44 ./SDK_ROBI_STM32F1_1.0.0/shared/Middle/buzzer/buzzer.o
 .comment       0x0000000000000043       0x44 ./SDK_ROBI_STM32F1_1.0.0/shared/Middle/led/led.o
 .comment       0x0000000000000043       0x44 ./SDK_ROBI_STM32F1_1.0.0/shared/Middle/motor/encoder.o
 .comment       0x0000000000000043       0x44 ./SDK_ROBI_STM32F1_1.0.0/shared/Middle/motor/motor.o
 .comment       0x0000000000000043       0x44 ./SDK_ROBI_STM32F1_1.0.0/shared/Middle/motor/pid.o
 .comment       0x0000000000000043       0x44 ./SDK_ROBI_STM32F1_1.0.0/shared/Middle/rtos/eventman.o
 .comment       0x0000000000000043       0x44 ./SDK_ROBI_STM32F1_1.0.0/shared/Middle/rtos/timer.o
 .comment       0x0000000000000043       0x44 ./SDK_ROBI_STM32F1_1.0.0/shared/Middle/sensor/optical_sensor.o
 .comment       0x0000000000000043       0x44 ./SDK_ROBI_STM32F1_1.0.0/shared/Middle/serial/serial.o
 .comment       0x0000000000000043       0x44 ./SDK_ROBI_STM32F1_1.0.0/shared/Utilities/buff.o
 .comment       0x0000000000000043       0x44 ./SDK_ROBI_STM32F1_1.0.0/shared/Utilities/utilities.o
 .comment       0x0000000000000043       0x44 ./Src/main.o

.debug_info     0x0000000000000000     0xaa7b
 .debug_info    0x0000000000000000      0x422 ./SDK_ROBI_STM32F1_1.0.0/shared/Drivers/CMSIS/Source/system_stm32f10x.o
 .debug_info    0x0000000000000422      0x4d8 ./SDK_ROBI_STM32F1_1.0.0/shared/Drivers/STM32F10x_StdPeriph_Driver/src/misc.o
 .debug_info    0x00000000000008fa      0xb42 ./SDK_ROBI_STM32F1_1.0.0/shared/Drivers/STM32F10x_StdPeriph_Driver/src/stm32f10x_adc.o
 .debug_info    0x000000000000143c      0x43a ./SDK_ROBI_STM32F1_1.0.0/shared/Drivers/STM32F10x_StdPeriph_Driver/src/stm32f10x_dma.o
 .debug_info    0x0000000000001876      0x322 ./SDK_ROBI_STM32F1_1.0.0/shared/Drivers/STM32F10x_StdPeriph_Driver/src/stm32f10x_exti.o
 .debug_info    0x0000000000001b98      0x6da ./SDK_ROBI_STM32F1_1.0.0/shared/Drivers/STM32F10x_StdPeriph_Driver/src/stm32f10x_gpio.o
 .debug_info    0x0000000000002272      0x858 ./SDK_ROBI_STM32F1_1.0.0/shared/Drivers/STM32F10x_StdPeriph_Driver/src/stm32f10x_rcc.o
 .debug_info    0x0000000000002aca     0x1c0a ./SDK_ROBI_STM32F1_1.0.0/shared/Drivers/STM32F10x_StdPeriph_Driver/src/stm32f10x_tim.o
 .debug_info    0x00000000000046d4      0x9f1 ./SDK_ROBI_STM32F1_1.0.0/shared/Drivers/STM32F10x_StdPeriph_Driver/src/stm32f10x_usart.o
 .debug_info    0x00000000000050c5      0x5fa ./SDK_ROBI_STM32F1_1.0.0/shared/Middle/button/button.o
 .debug_info    0x00000000000056bf      0x44d ./SDK_ROBI_STM32F1_1.0.0/shared/Middle/button/eventbutton.o
 .debug_info    0x0000000000005b0c      0x85b ./SDK_ROBI_STM32F1_1.0.0/shared/Middle/buzzer/buzzer.o
 .debug_info    0x0000000000006367      0x6fa ./SDK_ROBI_STM32F1_1.0.0/shared/Middle/led/led.o
 .debug_info    0x0000000000006a61      0x7ec ./SDK_ROBI_STM32F1_1.0.0/shared/Middle/motor/encoder.o
 .debug_info    0x000000000000724d      0x7d0 ./SDK_ROBI_STM32F1_1.0.0/shared/Middle/motor/motor.o
 .debug_info    0x0000000000007a1d      0x2da ./SDK_ROBI_STM32F1_1.0.0/shared/Middle/motor/pid.o
 .debug_info    0x0000000000007cf7      0x268 ./SDK_ROBI_STM32F1_1.0.0/shared/Middle/rtos/eventman.o
 .debug_info    0x0000000000007f5f      0x89c ./SDK_ROBI_STM32F1_1.0.0/shared/Middle/rtos/timer.o
 .debug_info    0x00000000000087fb      0x8cc ./SDK_ROBI_STM32F1_1.0.0/shared/Middle/sensor/optical_sensor.o
 .debug_info    0x00000000000090c7      0xcb1 ./SDK_ROBI_STM32F1_1.0.0/shared/Middle/serial/serial.o
 .debug_info    0x0000000000009d78      0x2c6 ./SDK_ROBI_STM32F1_1.0.0/shared/Utilities/buff.o
 .debug_info    0x000000000000a03e      0x342 ./SDK_ROBI_STM32F1_1.0.0/shared/Utilities/utilities.o
 .debug_info    0x000000000000a380      0x6d8 ./Src/main.o
 .debug_info    0x000000000000aa58       0x23 ./Startup/startup_stm32f103c8tx.o

.debug_abbrev   0x0000000000000000     0x2cad
 .debug_abbrev  0x0000000000000000      0x1b9 ./SDK_ROBI_STM32F1_1.0.0/shared/Drivers/CMSIS/Source/system_stm32f10x.o
 .debug_abbrev  0x00000000000001b9      0x18e ./SDK_ROBI_STM32F1_1.0.0/shared/Drivers/STM32F10x_StdPeriph_Driver/src/misc.o
 .debug_abbrev  0x0000000000000347      0x1dc ./SDK_ROBI_STM32F1_1.0.0/shared/Drivers/STM32F10x_StdPeriph_Driver/src/stm32f10x_adc.o
 .debug_abbrev  0x0000000000000523      0x195 ./SDK_ROBI_STM32F1_1.0.0/shared/Drivers/STM32F10x_StdPeriph_Driver/src/stm32f10x_dma.o
 .debug_abbrev  0x00000000000006b8      0x17a ./SDK_ROBI_STM32F1_1.0.0/shared/Drivers/STM32F10x_StdPeriph_Driver/src/stm32f10x_exti.o
 .debug_abbrev  0x0000000000000832      0x217 ./SDK_ROBI_STM32F1_1.0.0/shared/Drivers/STM32F10x_StdPeriph_Driver/src/stm32f10x_gpio.o
 .debug_abbrev  0x0000000000000a49      0x1e3 ./SDK_ROBI_STM32F1_1.0.0/shared/Drivers/STM32F10x_StdPeriph_Driver/src/stm32f10x_rcc.o
 .debug_abbrev  0x0000000000000c2c      0x1fa ./SDK_ROBI_STM32F1_1.0.0/shared/Drivers/STM32F10x_StdPeriph_Driver/src/stm32f10x_tim.o
 .debug_abbrev  0x0000000000000e26      0x1bf ./SDK_ROBI_STM32F1_1.0.0/shared/Drivers/STM32F10x_StdPeriph_Driver/src/stm32f10x_usart.o
 .debug_abbrev  0x0000000000000fe5      0x27a ./SDK_ROBI_STM32F1_1.0.0/shared/Middle/button/button.o
 .debug_abbrev  0x000000000000125f      0x141 ./SDK_ROBI_STM32F1_1.0.0/shared/Middle/button/eventbutton.o
 .debug_abbrev  0x00000000000013a0      0x205 ./SDK_ROBI_STM32F1_1.0.0/shared/Middle/buzzer/buzzer.o
 .debug_abbrev  0x00000000000015a5      0x27e ./SDK_ROBI_STM32F1_1.0.0/shared/Middle/led/led.o
 .debug_abbrev  0x0000000000001823      0x2c2 ./SDK_ROBI_STM32F1_1.0.0/shared/Middle/motor/encoder.o
 .debug_abbrev  0x0000000000001ae5      0x19f ./SDK_ROBI_STM32F1_1.0.0/shared/Middle/motor/motor.o
 .debug_abbrev  0x0000000000001c84      0x168 ./SDK_ROBI_STM32F1_1.0.0/shared/Middle/motor/pid.o
 .debug_abbrev  0x0000000000001dec      0x157 ./SDK_ROBI_STM32F1_1.0.0/shared/Middle/rtos/eventman.o
 .debug_abbrev  0x0000000000001f43      0x2e8 ./SDK_ROBI_STM32F1_1.0.0/shared/Middle/rtos/timer.o
 .debug_abbrev  0x000000000000222b      0x251 ./SDK_ROBI_STM32F1_1.0.0/shared/Middle/sensor/optical_sensor.o
 .debug_abbrev  0x000000000000247c      0x353 ./SDK_ROBI_STM32F1_1.0.0/shared/Middle/serial/serial.o
 .debug_abbrev  0x00000000000027cf      0x12b ./SDK_ROBI_STM32F1_1.0.0/shared/Utilities/buff.o
 .debug_abbrev  0x00000000000028fa      0x111 ./SDK_ROBI_STM32F1_1.0.0/shared/Utilities/utilities.o
 .debug_abbrev  0x0000000000002a0b      0x290 ./Src/main.o
 .debug_abbrev  0x0000000000002c9b       0x12 ./Startup/startup_stm32f103c8tx.o

.debug_aranges  0x0000000000000000      0xd50
 .debug_aranges
                0x0000000000000000       0x38 ./SDK_ROBI_STM32F1_1.0.0/shared/Drivers/CMSIS/Source/system_stm32f10x.o
 .debug_aranges
                0x0000000000000038       0x40 ./SDK_ROBI_STM32F1_1.0.0/shared/Drivers/STM32F10x_StdPeriph_Driver/src/misc.o
 .debug_aranges
                0x0000000000000078      0x138 ./SDK_ROBI_STM32F1_1.0.0/shared/Drivers/STM32F10x_StdPeriph_Driver/src/stm32f10x_adc.o
 .debug_aranges
                0x00000000000001b0       0x70 ./SDK_ROBI_STM32F1_1.0.0/shared/Drivers/STM32F10x_StdPeriph_Driver/src/stm32f10x_dma.o
 .debug_aranges
                0x0000000000000220       0x58 ./SDK_ROBI_STM32F1_1.0.0/shared/Drivers/STM32F10x_StdPeriph_Driver/src/stm32f10x_exti.o
 .debug_aranges
                0x0000000000000278       0xa8 ./SDK_ROBI_STM32F1_1.0.0/shared/Drivers/STM32F10x_StdPeriph_Driver/src/stm32f10x_gpio.o
 .debug_aranges
                0x0000000000000320      0x118 ./SDK_ROBI_STM32F1_1.0.0/shared/Drivers/STM32F10x_StdPeriph_Driver/src/stm32f10x_rcc.o
 .debug_aranges
                0x0000000000000438      0x2f0 ./SDK_ROBI_STM32F1_1.0.0/shared/Drivers/STM32F10x_StdPeriph_Driver/src/stm32f10x_tim.o
 .debug_aranges
                0x0000000000000728      0x100 ./SDK_ROBI_STM32F1_1.0.0/shared/Drivers/STM32F10x_StdPeriph_Driver/src/stm32f10x_usart.o
 .debug_aranges
                0x0000000000000828       0x58 ./SDK_ROBI_STM32F1_1.0.0/shared/Middle/button/button.o
 .debug_aranges
                0x0000000000000880       0x48 ./SDK_ROBI_STM32F1_1.0.0/shared/Middle/button/eventbutton.o
 .debug_aranges
                0x00000000000008c8       0x60 ./SDK_ROBI_STM32F1_1.0.0/shared/Middle/buzzer/buzzer.o
 .debug_aranges
                0x0000000000000928       0x70 ./SDK_ROBI_STM32F1_1.0.0/shared/Middle/led/led.o
 .debug_aranges
                0x0000000000000998       0x50 ./SDK_ROBI_STM32F1_1.0.0/shared/Middle/motor/encoder.o
 .debug_aranges
                0x00000000000009e8       0x38 ./SDK_ROBI_STM32F1_1.0.0/shared/Middle/motor/motor.o
 .debug_aranges
                0x0000000000000a20       0x38 ./SDK_ROBI_STM32F1_1.0.0/shared/Middle/motor/pid.o
 .debug_aranges
                0x0000000000000a58       0x30 ./SDK_ROBI_STM32F1_1.0.0/shared/Middle/rtos/eventman.o
 .debug_aranges
                0x0000000000000a88       0x80 ./SDK_ROBI_STM32F1_1.0.0/shared/Middle/rtos/timer.o
 .debug_aranges
                0x0000000000000b08       0x50 ./SDK_ROBI_STM32F1_1.0.0/shared/Middle/sensor/optical_sensor.o
 .debug_aranges
                0x0000000000000b58       0x88 ./SDK_ROBI_STM32F1_1.0.0/shared/Middle/serial/serial.o
 .debug_aranges
                0x0000000000000be0       0x60 ./SDK_ROBI_STM32F1_1.0.0/shared/Utilities/buff.o
 .debug_aranges
                0x0000000000000c40       0x58 ./SDK_ROBI_STM32F1_1.0.0/shared/Utilities/utilities.o
 .debug_aranges
                0x0000000000000c98       0x90 ./Src/main.o
 .debug_aranges
                0x0000000000000d28       0x28 ./Startup/startup_stm32f103c8tx.o

.debug_rnglists
                0x0000000000000000      0x9c9
 .debug_rnglists
                0x0000000000000000       0x27 ./SDK_ROBI_STM32F1_1.0.0/shared/Drivers/CMSIS/Source/system_stm32f10x.o
 .debug_rnglists
                0x0000000000000027       0x2c ./SDK_ROBI_STM32F1_1.0.0/shared/Drivers/STM32F10x_StdPeriph_Driver/src/misc.o
 .debug_rnglists
                0x0000000000000053       0xe8 ./SDK_ROBI_STM32F1_1.0.0/shared/Drivers/STM32F10x_StdPeriph_Driver/src/stm32f10x_adc.o
 .debug_rnglists
                0x000000000000013b       0x50 ./SDK_ROBI_STM32F1_1.0.0/shared/Drivers/STM32F10x_StdPeriph_Driver/src/stm32f10x_dma.o
 .debug_rnglists
                0x000000000000018b       0x3e ./SDK_ROBI_STM32F1_1.0.0/shared/Drivers/STM32F10x_StdPeriph_Driver/src/stm32f10x_exti.o
 .debug_rnglists
                0x00000000000001c9       0x7d ./SDK_ROBI_STM32F1_1.0.0/shared/Drivers/STM32F10x_StdPeriph_Driver/src/stm32f10x_gpio.o
 .debug_rnglists
                0x0000000000000246       0xce ./SDK_ROBI_STM32F1_1.0.0/shared/Drivers/STM32F10x_StdPeriph_Driver/src/stm32f10x_rcc.o
 .debug_rnglists
                0x0000000000000314      0x23d ./SDK_ROBI_STM32F1_1.0.0/shared/Drivers/STM32F10x_StdPeriph_Driver/src/stm32f10x_tim.o
 .debug_rnglists
                0x0000000000000551       0xbf ./SDK_ROBI_STM32F1_1.0.0/shared/Drivers/STM32F10x_StdPeriph_Driver/src/stm32f10x_usart.o
 .debug_rnglists
                0x0000000000000610       0x3f ./SDK_ROBI_STM32F1_1.0.0/shared/Middle/button/button.o
 .debug_rnglists
                0x000000000000064f       0x31 ./SDK_ROBI_STM32F1_1.0.0/shared/Middle/button/eventbutton.o
 .debug_rnglists
                0x0000000000000680       0x44 ./SDK_ROBI_STM32F1_1.0.0/shared/Middle/buzzer/buzzer.o
 .debug_rnglists
                0x00000000000006c4       0x53 ./SDK_ROBI_STM32F1_1.0.0/shared/Middle/led/led.o
 .debug_rnglists
                0x0000000000000717       0x3c ./SDK_ROBI_STM32F1_1.0.0/shared/Middle/motor/encoder.o
 .debug_rnglists
                0x0000000000000753       0x28 ./SDK_ROBI_STM32F1_1.0.0/shared/Middle/motor/motor.o
 .debug_rnglists
                0x000000000000077b       0x28 ./SDK_ROBI_STM32F1_1.0.0/shared/Middle/motor/pid.o
 .debug_rnglists
                0x00000000000007a3       0x1f ./SDK_ROBI_STM32F1_1.0.0/shared/Middle/rtos/eventman.o
 .debug_rnglists
                0x00000000000007c2       0x60 ./SDK_ROBI_STM32F1_1.0.0/shared/Middle/rtos/timer.o
 .debug_rnglists
                0x0000000000000822       0x3b ./SDK_ROBI_STM32F1_1.0.0/shared/Middle/sensor/optical_sensor.o
 .debug_rnglists
                0x000000000000085d       0x65 ./SDK_ROBI_STM32F1_1.0.0/shared/Middle/serial/serial.o
 .debug_rnglists
                0x00000000000008c2       0x45 ./SDK_ROBI_STM32F1_1.0.0/shared/Utilities/buff.o
 .debug_rnglists
                0x0000000000000907       0x3f ./SDK_ROBI_STM32F1_1.0.0/shared/Utilities/utilities.o
 .debug_rnglists
                0x0000000000000946       0x6a ./Src/main.o
 .debug_rnglists
                0x00000000000009b0       0x19 ./Startup/startup_stm32f103c8tx.o

.debug_macro    0x0000000000000000     0xe263
 .debug_macro   0x0000000000000000       0x97 ./SDK_ROBI_STM32F1_1.0.0/shared/Drivers/CMSIS/Source/system_stm32f10x.o
 .debug_macro   0x0000000000000097       0x5c ./SDK_ROBI_STM32F1_1.0.0/shared/Drivers/CMSIS/Source/system_stm32f10x.o
 .debug_macro   0x00000000000000f3       0x22 ./SDK_ROBI_STM32F1_1.0.0/shared/Drivers/CMSIS/Source/system_stm32f10x.o
 .debug_macro   0x0000000000000115      0x69f ./SDK_ROBI_STM32F1_1.0.0/shared/Drivers/CMSIS/Source/system_stm32f10x.o
 .debug_macro   0x00000000000007b4     0x7eeb ./SDK_ROBI_STM32F1_1.0.0/shared/Drivers/CMSIS/Source/system_stm32f10x.o
 .debug_macro   0x000000000000869f       0xa0 ./SDK_ROBI_STM32F1_1.0.0/shared/Drivers/STM32F10x_StdPeriph_Driver/src/misc.o
 .debug_macro   0x000000000000873f       0x84 ./SDK_ROBI_STM32F1_1.0.0/shared/Drivers/STM32F10x_StdPeriph_Driver/src/misc.o
 .debug_macro   0x00000000000087c3      0x19f ./SDK_ROBI_STM32F1_1.0.0/shared/Drivers/STM32F10x_StdPeriph_Driver/src/stm32f10x_adc.o
 .debug_macro   0x0000000000008962      0x2de ./SDK_ROBI_STM32F1_1.0.0/shared/Drivers/STM32F10x_StdPeriph_Driver/src/stm32f10x_adc.o
 .debug_macro   0x0000000000008c40      0x3e2 ./SDK_ROBI_STM32F1_1.0.0/shared/Drivers/STM32F10x_StdPeriph_Driver/src/stm32f10x_adc.o
 .debug_macro   0x0000000000009022       0xf7 ./SDK_ROBI_STM32F1_1.0.0/shared/Drivers/STM32F10x_StdPeriph_Driver/src/stm32f10x_dma.o
 .debug_macro   0x0000000000009119      0x3a7 ./SDK_ROBI_STM32F1_1.0.0/shared/Drivers/STM32F10x_StdPeriph_Driver/src/stm32f10x_dma.o
 .debug_macro   0x00000000000094c0       0xa0 ./SDK_ROBI_STM32F1_1.0.0/shared/Drivers/STM32F10x_StdPeriph_Driver/src/stm32f10x_exti.o
 .debug_macro   0x0000000000009560       0x94 ./SDK_ROBI_STM32F1_1.0.0/shared/Drivers/STM32F10x_StdPeriph_Driver/src/stm32f10x_exti.o
 .debug_macro   0x00000000000095f4       0xf1 ./SDK_ROBI_STM32F1_1.0.0/shared/Drivers/STM32F10x_StdPeriph_Driver/src/stm32f10x_gpio.o
 .debug_macro   0x00000000000096e5      0x2a5 ./SDK_ROBI_STM32F1_1.0.0/shared/Drivers/STM32F10x_StdPeriph_Driver/src/stm32f10x_gpio.o
 .debug_macro   0x000000000000998a      0x1b6 ./SDK_ROBI_STM32F1_1.0.0/shared/Drivers/STM32F10x_StdPeriph_Driver/src/stm32f10x_rcc.o
 .debug_macro   0x0000000000009b40      0x3dc ./SDK_ROBI_STM32F1_1.0.0/shared/Drivers/STM32F10x_StdPeriph_Driver/src/stm32f10x_rcc.o
 .debug_macro   0x0000000000009f1c       0xbb ./SDK_ROBI_STM32F1_1.0.0/shared/Drivers/STM32F10x_StdPeriph_Driver/src/stm32f10x_tim.o
 .debug_macro   0x0000000000009fd7      0x70b ./SDK_ROBI_STM32F1_1.0.0/shared/Drivers/STM32F10x_StdPeriph_Driver/src/stm32f10x_tim.o
 .debug_macro   0x000000000000a6e2      0x157 ./SDK_ROBI_STM32F1_1.0.0/shared/Drivers/STM32F10x_StdPeriph_Driver/src/stm32f10x_usart.o
 .debug_macro   0x000000000000a839      0x220 ./SDK_ROBI_STM32F1_1.0.0/shared/Drivers/STM32F10x_StdPeriph_Driver/src/stm32f10x_usart.o
 .debug_macro   0x000000000000aa59       0xca ./SDK_ROBI_STM32F1_1.0.0/shared/Middle/button/button.o
 .debug_macro   0x000000000000ab23       0x94 ./SDK_ROBI_STM32F1_1.0.0/shared/Middle/button/button.o
 .debug_macro   0x000000000000abb7       0x22 ./SDK_ROBI_STM32F1_1.0.0/shared/Middle/button/button.o
 .debug_macro   0x000000000000abd9       0x16 ./SDK_ROBI_STM32F1_1.0.0/shared/Middle/button/button.o
 .debug_macro   0x000000000000abef       0x97 ./SDK_ROBI_STM32F1_1.0.0/shared/Middle/button/eventbutton.o
 .debug_macro   0x000000000000ac86       0x8e ./SDK_ROBI_STM32F1_1.0.0/shared/Middle/button/eventbutton.o
 .debug_macro   0x000000000000ad14       0x4c ./SDK_ROBI_STM32F1_1.0.0/shared/Middle/button/eventbutton.o
 .debug_macro   0x000000000000ad60       0x1c ./SDK_ROBI_STM32F1_1.0.0/shared/Middle/button/eventbutton.o
 .debug_macro   0x000000000000ad7c      0x146 ./SDK_ROBI_STM32F1_1.0.0/shared/Middle/button/eventbutton.o